Archive member included to satisfy reference by file (symbol)

/Applications/STM32CubeIDE.app/Contents/Eclipse/plugins/com.st.stm32cube.ide.mcu.externaltools.gnu-tools-for-stm32.12.3.rel1.macos64_1.0.200.202406191456/tools/bin/../lib/gcc/arm-none-eabi/12.3.1/../../../../arm-none-eabi/lib/thumb/v7-m/nofp/libc_nano.a(libc_a-exit.o)
                              /Applications/STM32CubeIDE.app/Contents/Eclipse/plugins/com.st.stm32cube.ide.mcu.externaltools.gnu-tools-for-stm32.12.3.rel1.macos64_1.0.200.202406191456/tools/bin/../lib/gcc/arm-none-eabi/12.3.1/../../../../arm-none-eabi/lib/thumb/v7-m/nofp/crt0.o (exit)
/Applications/STM32CubeIDE.app/Contents/Eclipse/plugins/com.st.stm32cube.ide.mcu.externaltools.gnu-tools-for-stm32.12.3.rel1.macos64_1.0.200.202406191456/tools/bin/../lib/gcc/arm-none-eabi/12.3.1/../../../../arm-none-eabi/lib/thumb/v7-m/nofp/libc_nano.a(libc_a-sprintf.o)
                              ./Core/Src/main.o (sprintf)
/Applications/STM32CubeIDE.app/Contents/Eclipse/plugins/com.st.stm32cube.ide.mcu.externaltools.gnu-tools-for-stm32.12.3.rel1.macos64_1.0.200.202406191456/tools/bin/../lib/gcc/arm-none-eabi/12.3.1/../../../../arm-none-eabi/lib/thumb/v7-m/nofp/libc_nano.a(libc_a-findfp.o)
                              ./Middlewares/Third_Party/FreeRTOS/Source/tasks.o (__sf)
/Applications/STM32CubeIDE.app/Contents/Eclipse/plugins/com.st.stm32cube.ide.mcu.externaltools.gnu-tools-for-stm32.12.3.rel1.macos64_1.0.200.202406191456/tools/bin/../lib/gcc/arm-none-eabi/12.3.1/../../../../arm-none-eabi/lib/thumb/v7-m/nofp/libc_nano.a(libc_a-fwalk.o)
                              /Applications/STM32CubeIDE.app/Contents/Eclipse/plugins/com.st.stm32cube.ide.mcu.externaltools.gnu-tools-for-stm32.12.3.rel1.macos64_1.0.200.202406191456/tools/bin/../lib/gcc/arm-none-eabi/12.3.1/../../../../arm-none-eabi/lib/thumb/v7-m/nofp/libc_nano.a(libc_a-findfp.o) (_fwalk_sglue)
/Applications/STM32CubeIDE.app/Contents/Eclipse/plugins/com.st.stm32cube.ide.mcu.externaltools.gnu-tools-for-stm32.12.3.rel1.macos64_1.0.200.202406191456/tools/bin/../lib/gcc/arm-none-eabi/12.3.1/../../../../arm-none-eabi/lib/thumb/v7-m/nofp/libc_nano.a(libc_a-memset.o)
                              /Applications/STM32CubeIDE.app/Contents/Eclipse/plugins/com.st.stm32cube.ide.mcu.externaltools.gnu-tools-for-stm32.12.3.rel1.macos64_1.0.200.202406191456/tools/bin/../lib/gcc/arm-none-eabi/12.3.1/../../../../arm-none-eabi/lib/thumb/v7-m/nofp/crt0.o (memset)
/Applications/STM32CubeIDE.app/Contents/Eclipse/plugins/com.st.stm32cube.ide.mcu.externaltools.gnu-tools-for-stm32.12.3.rel1.macos64_1.0.200.202406191456/tools/bin/../lib/gcc/arm-none-eabi/12.3.1/../../../../arm-none-eabi/lib/thumb/v7-m/nofp/libc_nano.a(libc_a-reent.o)
                              ./Middlewares/Third_Party/FreeRTOS/Source/tasks.o (_reclaim_reent)
/Applications/STM32CubeIDE.app/Contents/Eclipse/plugins/com.st.stm32cube.ide.mcu.externaltools.gnu-tools-for-stm32.12.3.rel1.macos64_1.0.200.202406191456/tools/bin/../lib/gcc/arm-none-eabi/12.3.1/../../../../arm-none-eabi/lib/thumb/v7-m/nofp/libc_nano.a(libc_a-impure.o)
                              ./Middlewares/Third_Party/FreeRTOS/Source/tasks.o (_impure_ptr)
/Applications/STM32CubeIDE.app/Contents/Eclipse/plugins/com.st.stm32cube.ide.mcu.externaltools.gnu-tools-for-stm32.12.3.rel1.macos64_1.0.200.202406191456/tools/bin/../lib/gcc/arm-none-eabi/12.3.1/../../../../arm-none-eabi/lib/thumb/v7-m/nofp/libc_nano.a(libc_a-errno.o)
                              ./Core/Src/syscalls.o (__errno)
/Applications/STM32CubeIDE.app/Contents/Eclipse/plugins/com.st.stm32cube.ide.mcu.externaltools.gnu-tools-for-stm32.12.3.rel1.macos64_1.0.200.202406191456/tools/bin/../lib/gcc/arm-none-eabi/12.3.1/../../../../arm-none-eabi/lib/thumb/v7-m/nofp/libc_nano.a(libc_a-init.o)
                              /Applications/STM32CubeIDE.app/Contents/Eclipse/plugins/com.st.stm32cube.ide.mcu.externaltools.gnu-tools-for-stm32.12.3.rel1.macos64_1.0.200.202406191456/tools/bin/../lib/gcc/arm-none-eabi/12.3.1/../../../../arm-none-eabi/lib/thumb/v7-m/nofp/crt0.o (__libc_init_array)
/Applications/STM32CubeIDE.app/Contents/Eclipse/plugins/com.st.stm32cube.ide.mcu.externaltools.gnu-tools-for-stm32.12.3.rel1.macos64_1.0.200.202406191456/tools/bin/../lib/gcc/arm-none-eabi/12.3.1/../../../../arm-none-eabi/lib/thumb/v7-m/nofp/libc_nano.a(libc_a-lock.o)
                              /Applications/STM32CubeIDE.app/Contents/Eclipse/plugins/com.st.stm32cube.ide.mcu.externaltools.gnu-tools-for-stm32.12.3.rel1.macos64_1.0.200.202406191456/tools/bin/../lib/gcc/arm-none-eabi/12.3.1/../../../../arm-none-eabi/lib/thumb/v7-m/nofp/libc_nano.a(libc_a-findfp.o) (__retarget_lock_init_recursive)
/Applications/STM32CubeIDE.app/Contents/Eclipse/plugins/com.st.stm32cube.ide.mcu.externaltools.gnu-tools-for-stm32.12.3.rel1.macos64_1.0.200.202406191456/tools/bin/../lib/gcc/arm-none-eabi/12.3.1/../../../../arm-none-eabi/lib/thumb/v7-m/nofp/libc_nano.a(libc_a-memcpy-stub.o)
[...]
Memory Configuration

Name             Origin             Length             Attributes
RAM              0x20000000         0x00005000         xrw
FLASH            0x08000000         0x00020000         xr
*default*        0x00000000         0xffffffff

Linker script and memory map

LOAD /Applications/STM32CubeIDE.app/Contents/Eclipse/plugins/com.st.stm32cube.ide.mcu.externaltools.gnu-tools-for-stm32.12.3.rel1.macos64_1.0.200.202406191456/tools/bin/../lib/gcc/arm-none-eabi/12.3.1/thumb/v7-m/nofp/crti.o
LOAD /Applications/STM32CubeIDE.app/Contents/Eclipse/plugins/com.st.stm32cube.ide.mcu.externaltools.gnu-tools-for-stm32.12.3.rel1.macos64_1.0.200.202406191456/tools/bin/../lib/gcc/arm-none-eabi/12.3.1/thumb/v7-m/nofp/crtbegin.o
LOAD /Applications/STM32CubeIDE.app/Contents/Eclipse/plugins/com.st.stm32cube.ide.mcu.externaltools.gnu-tools-for-stm32.12.3.rel1.macos64_1.0.200.202406191456/tools/bin/../lib/gcc/arm-none-eabi/12.3.1/../../../../arm-none-eabi/lib/thumb/v7-m/nofp/crt0.o
LOAD ./Core/Src/freertos.o
LOAD ./Core/Src/i2c_lcd.o
LOAD ./Core/Src/main.o
LOAD ./Core/Src/stm32f1xx_hal_msp.o
LOAD ./Core/Src/stm32f1xx_hal_timebase_tim.o
LOAD ./Core/Src/stm32f1xx_it.o
LOAD ./Core/Src/stuffManage.o
LOAD ./Core/Src/syscalls.o
LOAD ./Core/Src/sysmem.o
LOAD ./Core/Src/system_stm32f1xx.o
LOAD ./Core/Startup/startup_stm32f103rbtx.o
LOAD ./Drivers/STM32F1xx_HAL_Driver/Src/stm32f1xx_hal.o
LOAD ./Drivers/STM32F1xx_HAL_Driver/Src/stm32f1xx_hal_cortex.o
LOAD ./Drivers/STM32F1xx_HAL_Driver/Src/stm32f1xx_hal_dma.o
LOAD ./Drivers/STM32F1xx_HAL_Driver/Src/stm32f1xx_hal_exti.o
LOAD ./Drivers/STM32F1xx_HAL_Driver/Src/stm32f1xx_hal_flash.o
LOAD ./Drivers/STM32F1xx_HAL_Driver/Src/stm32f1xx_hal_flash_ex.o
LOAD ./Drivers/STM32F1xx_HAL_Driver/Src/stm32f1xx_hal_gpio.o
LOAD ./Drivers/STM32F1xx_HAL_Driver/Src/stm32f1xx_hal_gpio_ex.o
LOAD ./Drivers/STM32F1xx_HAL_Driver/Src/stm32f1xx_hal_i2c.o
LOAD ./Drivers/STM32F1xx_HAL_Driver/Src/stm32f1xx_hal_pwr.o
LOAD ./Drivers/STM32F1xx_HAL_Driver/Src/stm32f1xx_hal_rcc.o
LOAD ./Drivers/STM32F1xx_HAL_Driver/Src/stm32f1xx_hal_rcc_ex.o
LOAD ./Drivers/STM32F1xx_HAL_Driver/Src/stm32f1xx_hal_spi.o
LOAD ./Drivers/STM32F1xx_HAL_Driver/Src/stm32f1xx_hal_tim.o
LOAD ./Drivers/STM32F1xx_HAL_Driver/Src/stm32f1xx_hal_tim_ex.o
LOAD ./Drivers/STM32F1xx_HAL_Driver/Src/stm32f1xx_hal_uart.o
LOAD ./Middlewares/Third_Party/FreeRTOS/Source/CMSIS_RTOS/cmsis_os.o
LOAD ./Middlewares/Third_Party/FreeRTOS/Source/croutine.o
LOAD ./Middlewares/Third_Party/FreeRTOS/Source/event_groups.o
LOAD ./Middlewares/Third_Party/FreeRTOS/Source/list.o
LOAD ./Middlewares/Third_Party/FreeRTOS/Source/queue.o
LOAD ./Middlewares/Third_Party/FreeRTOS/Source/stream_buffer.o
LOAD ./Middlewares/Third_Party/FreeRTOS/Source/tasks.o
LOAD ./Middlewares/Third_Party/FreeRTOS/Source/timers.o
LOAD ./Middlewares/Third_Party/FreeRTOS/Source/portable/GCC/ARM_CM3/port.o
LOAD ./Middlewares/Third_Party/FreeRTOS/Source/portable/MemMang/heap_4.o
START GROUP
LOAD /Applications/STM32CubeIDE.app/Contents/Eclipse/plugins/com.st.stm32cube.ide.mcu.externaltools.gnu-tools-for-stm32.12.3.rel1.macos64_1.0.200.202406191456/tools/bin/../lib/gcc/arm-none-eabi/12.3.1/../../../../arm-none-eabi/lib/thumb/v7-m/nofp/libc_nano.a
LOAD /Applications/STM32CubeIDE.app/Contents/Eclipse/plugins/com.st.stm32cube.ide.mcu.externaltools.gnu-tools-for-stm32.12.3.rel1.macos64_1.0.200.202406191456/tools/bin/../lib/gcc/arm-none-eabi/12.3.1/../../../../arm-none-eabi/lib/thumb/v7-m/nofp/libm.a
END GROUP
START GROUP
LOAD /Applications/STM32CubeIDE.app/Contents/Eclipse/plugins/com.st.stm32cube.ide.mcu.externaltools.gnu-tools-for-stm32.12.3.rel1.macos64_1.0.200.202406191456/tools/bin/../lib/gcc/arm-none-eabi/12.3.1/thumb/v7-m/nofp/libgcc.a
LOAD /Applications/STM32CubeIDE.app/Contents/Eclipse/plugins/com.st.stm32cube.ide.mcu.externaltools.gnu-tools-for-stm32.12.3.rel1.macos64_1.0.200.202406191456/tools/bin/../lib/gcc/arm-none-eabi/12.3.1/../../../../arm-none-eabi/lib/thumb/v7-m/nofp/libc_nano.a
END GROUP
START GROUP
LOAD /Applications/STM32CubeIDE.app/Contents/Eclipse/plugins/com.st.stm32cube.ide.mcu.externaltools.gnu-tools-for-stm32.12.3.rel1.macos64_1.0.200.202406191456/tools/bin/../lib/gcc/arm-none-eabi/12.3.1/thumb/v7-m/nofp/libgcc.a
LOAD /Applications/STM32CubeIDE.app/Contents/Eclipse/plugins/com.st.stm32cube.ide.mcu.externaltools.gnu-tools-for-stm32.12.3.rel1.macos64_1.0.200.202406191456/tools/bin/../lib/gcc/arm-none-eabi/12.3.1/../../../../arm-none-eabi/lib/thumb/v7-m/nofp/libc_nano.a
LOAD /Applications/STM32CubeIDE.app/Contents/Eclipse/plugins/com.st.stm32cube.ide.mcu.externaltools.gnu-tools-for-stm32.12.3.rel1.macos64_1.0.200.202406191456/tools/bin/../lib/gcc/arm-none-eabi/12.3.1/../../../../arm-none-eabi/lib/thumb/v7-m/nofp/libnosys.a
END GROUP
START GROUP
LOAD /Applications/STM32CubeIDE.app/Contents/Eclipse/plugins/com.st.stm32cube.ide.mcu.externaltools.gnu-tools-for-stm32.12.3.rel1.macos64_1.0.200.202406191456/tools/bin/../lib/gcc/arm-none-eabi/12.3.1/thumb/v7-m/nofp/libgcc.a
LOAD /Applications/STM32CubeIDE.app/Contents/Eclipse/plugins/com.st.stm32cube.ide.mcu.externaltools.gnu-tools-for-stm32.12.3.rel1.macos64_1.0.200.202406191456/tools/bin/../lib/gcc/arm-none-eabi/12.3.1/../../../../arm-none-eabi/lib/thumb/v7-m/nofp/libc_nano.a
LOAD /Applications/STM32CubeIDE.app/Contents/Eclipse/plugins/com.st.stm32cube.ide.mcu.externaltools.gnu-tools-for-stm32.12.3.rel1.macos64_1.0.200.202406191456/tools/bin/../lib/gcc/arm-none-eabi/12.3.1/../../../../arm-none-eabi/lib/thumb/v7-m/nofp/libnosys.a
END GROUP
LOAD /Applications/STM32CubeIDE.app/Contents/Eclipse/plugins/com.st.stm32cube.ide.mcu.externaltools.gnu-tools-for-stm32.12.3.rel1.macos64_1.0.200.202406191456/tools/bin/../lib/gcc/arm-none-eabi/12.3.1/thumb/v7-m/nofp/crtend.o
LOAD /Applications/STM32CubeIDE.app/Contents/Eclipse/plugins/com.st.stm32cube.ide.mcu.externaltools.gnu-tools-for-stm32.12.3.rel1.macos64_1.0.200.202406191456/tools/bin/../lib/gcc/arm-none-eabi/12.3.1/thumb/v7-m/nofp/crtn.o
                0x20005000                        _estack = (ORIGIN (RAM) + LENGTH (RAM))
                0x00000200                        _Min_Heap_Size = 0x200
                0x00000400                        _Min_Stack_Size = 0x400

.isr_vector     0x08000000      0x10c
                0x08000000                        . = ALIGN (0x4)
 *(.isr_vector)
 .isr_vector    0x08000000      0x10c ./Core/Startup/startup_stm32f103rbtx.o
                0x08000000                g_pfnVectors
                0x0800010c                        . = ALIGN (0x4)

.text           0x08000110     0x93cc
                0x08000110                        . = ALIGN (0x4)
 *(.text)
 .text          0x08000110       0x40 /Applications/STM32CubeIDE.app/Contents/Eclipse/plugins/com.st.stm32cube.ide.mcu.externaltools.gnu-tools-for-stm32.12.3.rel1.macos64_1.0.200.202406191456/tools/bin/../lib/gcc/arm-none-eabi/12.3.1/thumb/v7-m/nofp/crtbegin.o
 .text          0x08000150       0x10 /Applications/STM32CubeIDE.app/Contents/Eclipse/plugins/com.st.stm32cube.ide.mcu.externaltools.gnu-tools-for-stm32.12.3.rel1.macos64_1.0.200.202406191456/tools/bin/../lib/gcc/arm-none-eabi/12.3.1/../../../../arm-none-eabi/lib/thumb/v7-m/nofp/libc_nano.a(libc_a-strlen.o)
                0x08000150                strlen
 *(.text*)
 .text.vApplicationGetIdleTaskMemory
                0x08000160       0x30 ./Core/Src/freertos.o
                0x08000160                vApplicationGetIdleTaskMemory
 .text.vApplicationGetTimerTaskMemory
                0x08000190       0x34 ./Core/Src/freertos.o
                0x08000190                vApplicationGetTimerTaskMemory
 .text.lcd_send_cmd
                0x080001c4       0x60 ./Core/Src/i2c_lcd.o
                0x080001c4                lcd_send_cmd
 .text.lcd_send_data
                0x08000224       0x60 ./Core/Src/i2c_lcd.o
                0x08000224                lcd_send_data
 .text.lcd_clear
                0x08000284       0x2e ./Core/Src/i2c_lcd.o
                0x08000284                lcd_clear
 .text.lcd_put_cur
                0x080002b2       0x3e ./Core/Src/i2c_lcd.o
                0x080002b2                lcd_put_cur
 .text.lcd_init
                0x080002f0       0x7a ./Core/Src/i2c_lcd.o
                0x080002f0                lcd_init
 .text.lcd_send_string
                0x0800036a       0x2a ./Core/Src/i2c_lcd.o
                0x0800036a                lcd_send_string
 .text.main     0x08000394      0x120 ./Core/Src/main.o
                0x08000394                main
 .text.SystemClock_Config
                0x080004b4       0x8a ./Core/Src/main.o
                0x080004b4                SystemClock_Config
 *fill*         0x0800053e        0x2 
 .text.MX_I2C1_Init
                0x08000540       0x5c ./Core/Src/main.o
 .text.MX_SPI1_Init
                0x0800059c       0x64 ./Core/Src/main.o
 .text.MX_USART2_UART_Init
                0x08000600       0x54 ./Core/Src/main.o
 .text.MX_GPIO_Init
                0x08000654       0xc8 ./Core/Src/main.o
 .text.UART_Print
                0x0800071c       0x2c ./Core/Src/main.o
                0x0800071c                UART_Print
 .text.dataInit
                0x08000748      0x10c ./Core/Src/main.o
                0x08000748                dataInit
 .text.updateUserTimer
                0x08000854      0xf70 ./Core/Src/main.o
                0x08000854                updateUserTimer
 .text.formatTime
                0x080017c4       0x38 ./Core/Src/main.o
                0x080017c4                formatTime
 .text.findMaxIndex
                0x080017fc       0x48 ./Core/Src/main.o
                0x080017fc                findMaxIndex
 .text.HAL_SPI_RxCpltCallback
                0x08001844       0xa0 ./Core/Src/main.o
                0x08001844                HAL_SPI_RxCpltCallback
 .text.copyTask
                0x080018e4      0x104 ./Core/Src/main.o
                0x080018e4                copyTask
 .text.cookTask
                0x080019e8      0x5cc ./Core/Src/main.o
                0x080019e8                cookTask
 .text.lcdTask  0x08001fb4      0x628 ./Core/Src/main.o
                0x08001fb4                lcdTask
 .text.buzzerTask
                0x080025dc      0x108 ./Core/Src/main.o
                0x080025dc                buzzerTask
 .text.HAL_TIM_PeriodElapsedCallback
                0x080026e4       0x1e ./Core/Src/main.o
                0x080026e4                HAL_TIM_PeriodElapsedCallback
 .text.Error_Handler
                0x08002702        0xc ./Core/Src/main.o
                0x08002702                Error_Handler
 *fill*         0x0800270e        0x2 
 .text.HAL_MspInit
                0x08002710       0x70 ./Core/Src/stm32f1xx_hal_msp.o
                0x08002710                HAL_MspInit
 .text.HAL_I2C_MspInit
                0x08002780       0x7c ./Core/Src/stm32f1xx_hal_msp.o
                0x08002780                HAL_I2C_MspInit
 .text.HAL_SPI_MspInit
                0x080027fc       0xa4 ./Core/Src/stm32f1xx_hal_msp.o
                0x080027fc                HAL_SPI_MspInit
 .text.HAL_UART_MspInit
                0x080028a0       0x7c ./Core/Src/stm32f1xx_hal_msp.o
                0x080028a0                HAL_UART_MspInit
 .text.HAL_InitTick
                0x0800291c       0xf8 ./Core/Src/stm32f1xx_hal_timebase_tim.o
                0x0800291c                HAL_InitTick
 .text.NMI_Handler
                0x08002a14        0x8 ./Core/Src/stm32f1xx_it.o
                0x08002a14                NMI_Handler
 .text.HardFault_Handler
                0x08002a1c        0x8 ./Core/Src/stm32f1xx_it.o
                0x08002a1c                HardFault_Handler
 .text.MemManage_Handler
                0x08002a24        0x8 ./Core/Src/stm32f1xx_it.o
                0x08002a24                MemManage_Handler
 .text.BusFault_Handler
                0x08002a2c        0x8 ./Core/Src/stm32f1xx_it.o
                0x08002a2c                BusFault_Handler
 .text.UsageFault_Handler
                0x08002a34        0x8 ./Core/Src/stm32f1xx_it.o
                0x08002a34                UsageFault_Handler
 .text.DebugMon_Handler
                0x08002a3c        0xc ./Core/Src/stm32f1xx_it.o
                0x08002a3c                DebugMon_Handler
 .text.TIM2_IRQHandler
                0x08002a48       0x14 ./Core/Src/stm32f1xx_it.o
                0x08002a48                TIM2_IRQHandler
 .text.SPI1_IRQHandler
                0x08002a5c       0x14 ./Core/Src/stm32f1xx_it.o
                0x08002a5c                SPI1_IRQHandler
 .text.stuffToString
                0x08002a70      0x190 ./Core/Src/stuffManage.o
                0x08002a70                stuffToString
 .text.transmitString
                0x08002c00       0x2c ./Core/Src/stuffManage.o
                0x08002c00                transmitString
 .text.printRemainingStuff
                0x08002c2c       0x50 ./Core/Src/stuffManage.o
                0x08002c2c                printRemainingStuff
 .text._sbrk    0x08002c7c       0x6c ./Core/Src/sysmem.o
                0x08002c7c                _sbrk
 .text.SystemInit
                0x08002ce8        0xc ./Core/Src/system_stm32f1xx.o
                0x08002ce8                SystemInit
 .text.Reset_Handler
                0x08002cf4       0x48 ./Core/Startup/startup_stm32f103rbtx.o
                0x08002cf4                Reset_Handler
 .text.Default_Handler
                0x08002d3c        0x2 ./Core/Startup/startup_stm32f103rbtx.o
                0x08002d3c                USBWakeUp_IRQHandler
                0x08002d3c                EXTI2_IRQHandler
                0x08002d3c                TIM1_CC_IRQHandler
                0x08002d3c                PVD_IRQHandler
                0x08002d3c                EXTI3_IRQHandler
                0x08002d3c                EXTI0_IRQHandler
                0x08002d3c                I2C2_EV_IRQHandler
                0x08002d3c                ADC1_2_IRQHandler
                0x08002d3c                TAMPER_IRQHandler
                0x08002d3c                DMA1_Channel4_IRQHandler
                0x08002d3c                USART3_IRQHandler
                0x08002d3c                RTC_IRQHandler
                0x08002d3c                DMA1_Channel7_IRQHandler
                0x08002d3c                CAN1_RX1_IRQHandler
                0x08002d3c                TIM4_IRQHandler
                0x08002d3c                I2C1_EV_IRQHandler
                0x08002d3c                DMA1_Channel6_IRQHandler
                0x08002d3c                TIM3_IRQHandler
                0x08002d3c                RCC_IRQHandler
                0x08002d3c                TIM1_TRG_COM_IRQHandler
                0x08002d3c                DMA1_Channel1_IRQHandler
                0x08002d3c                Default_Handler
                0x08002d3c                EXTI15_10_IRQHandler
                0x08002d3c                EXTI9_5_IRQHandler
                0x08002d3c                SPI2_IRQHandler
                0x08002d3c                DMA1_Channel5_IRQHandler
                0x08002d3c                EXTI4_IRQHandler
                0x08002d3c                USB_LP_CAN1_RX0_IRQHandler
                0x08002d3c                USB_HP_CAN1_TX_IRQHandler
                0x08002d3c                DMA1_Channel3_IRQHandler
                0x08002d3c                TIM1_UP_IRQHandler
                0x08002d3c                WWDG_IRQHandler
                0x08002d3c                TIM1_BRK_IRQHandler
                0x08002d3c                EXTI1_IRQHandler
                0x08002d3c                USART2_IRQHandler
                0x08002d3c                I2C2_ER_IRQHandler
                0x08002d3c                DMA1_Channel2_IRQHandler
                0x08002d3c                CAN1_SCE_IRQHandler
                0x08002d3c                FLASH_IRQHandler
                0x08002d3c                USART1_IRQHandler
                0x08002d3c                I2C1_ER_IRQHandler
                0x08002d3c                RTC_Alarm_IRQHandler
 *fill*         0x08002d3e        0x2 
 .text.HAL_Init
                0x08002d40       0x2c ./Drivers/STM32F1xx_HAL_Driver/Src/stm32f1xx_hal.o
                0x08002d40                HAL_Init
 .text.HAL_IncTick
                0x08002d6c       0x24 ./Drivers/STM32F1xx_HAL_Driver/Src/stm32f1xx_hal.o
                0x08002d6c                HAL_IncTick
 .text.HAL_GetTick
                0x08002d90       0x14 ./Drivers/STM32F1xx_HAL_Driver/Src/stm32f1xx_hal.o
                0x08002d90                HAL_GetTick
 .text.HAL_Delay
                0x08002da4       0x48 ./Drivers/STM32F1xx_HAL_Driver/Src/stm32f1xx_hal.o
                0x08002da4                HAL_Delay
 .text.__NVIC_SetPriorityGrouping
                0x08002dec       0x48 ./Drivers/STM32F1xx_HAL_Driver/Src/stm32f1xx_hal_cortex.o
 .text.__NVIC_GetPriorityGrouping
                0x08002e34       0x1c ./Drivers/STM32F1xx_HAL_Driver/Src/stm32f1xx_hal_cortex.o
 .text.__NVIC_EnableIRQ
                0x08002e50       0x38 ./Drivers/STM32F1xx_HAL_Driver/Src/stm32f1xx_hal_cortex.o
 .text.__NVIC_SetPriority
                0x08002e88       0x54 ./Drivers/STM32F1xx_HAL_Driver/Src/stm32f1xx_hal_cortex.o
 .text.NVIC_EncodePriority
                0x08002edc       0x64 ./Drivers/STM32F1xx_HAL_Driver/Src/stm32f1xx_hal_cortex.o
 .text.HAL_NVIC_SetPriorityGrouping
                0x08002f40       0x16 ./Drivers/STM32F1xx_HAL_Driver/Src/stm32f1xx_hal_cortex.o
                0x08002f40                HAL_NVIC_SetPriorityGrouping
 .text.HAL_NVIC_SetPriority
                0x08002f56       0x38 ./Drivers/STM32F1xx_HAL_Driver/Src/stm32f1xx_hal_cortex.o
                0x08002f56                HAL_NVIC_SetPriority
 .text.HAL_NVIC_EnableIRQ
                0x08002f8e       0x1c ./Drivers/STM32F1xx_HAL_Driver/Src/stm32f1xx_hal_cortex.o
                0x08002f8e                HAL_NVIC_EnableIRQ
 *fill*         0x08002faa        0x2 
 .text.HAL_DMA_Abort_IT
                0x08002fac       0xf0 ./Drivers/STM32F1xx_HAL_Driver/Src/stm32f1xx_hal_dma.o
                0x08002fac                HAL_DMA_Abort_IT
 .text.HAL_GPIO_Init
                0x0800309c      0x308 ./Drivers/STM32F1xx_HAL_Driver/Src/stm32f1xx_hal_gpio.o
                0x0800309c                HAL_GPIO_Init
 .text.HAL_GPIO_WritePin
                0x080033a4       0x30 ./Drivers/STM32F1xx_HAL_Driver/Src/stm32f1xx_hal_gpio.o
                0x080033a4                HAL_GPIO_WritePin
 .text.HAL_I2C_Init
                0x080033d4      0x288 ./Drivers/STM32F1xx_HAL_Driver/Src/stm32f1xx_hal_i2c.o
                0x080033d4                HAL_I2C_Init
 .text.HAL_I2C_Master_Transmit
                0x0800365c      0x1fc ./Drivers/STM32F1xx_HAL_Driver/Src/stm32f1xx_hal_i2c.o
                0x0800365c                HAL_I2C_Master_Transmit
 .text.I2C_MasterRequestWrite
                0x08003858      0x104 ./Drivers/STM32F1xx_HAL_Driver/Src/stm32f1xx_hal_i2c.o
 .text.I2C_WaitOnFlagUntilTimeout
                0x0800395c       0xf4 ./Drivers/STM32F1xx_HAL_Driver/Src/stm32f1xx_hal_i2c.o
 .text.I2C_WaitOnMasterAddressFlagUntilTimeout
                0x08003a50      0x140 ./Drivers/STM32F1xx_HAL_Driver/Src/stm32f1xx_hal_i2c.o
 .text.I2C_WaitOnTXEFlagUntilTimeout
                0x08003b90       0x90 ./Drivers/STM32F1xx_HAL_Driver/Src/stm32f1xx_hal_i2c.o
 .text.I2C_WaitOnBTFFlagUntilTimeout
                0x08003c20       0x90 ./Drivers/STM32F1xx_HAL_Driver/Src/stm32f1xx_hal_i2c.o
 .text.I2C_IsAcknowledgeFailed
                0x08003cb0       0x5c ./Drivers/STM32F1xx_HAL_Driver/Src/stm32f1xx_hal_i2c.o
 .text.HAL_RCC_OscConfig
                0x08003d0c      0x504 ./Drivers/STM32F1xx_HAL_Driver/Src/stm32f1xx_hal_rcc.o
                0x08003d0c                HAL_RCC_OscConfig
 .text.HAL_RCC_ClockConfig
                0x08004210      0x1d4 ./Drivers/STM32F1xx_HAL_Driver/Src/stm32f1xx_hal_rcc.o
                0x08004210                HAL_RCC_ClockConfig
 .text.HAL_RCC_GetSysClockFreq
                0x080043e4       0xa8 ./Drivers/STM32F1xx_HAL_Driver/Src/stm32f1xx_hal_rcc.o
                0x080043e4                HAL_RCC_GetSysClockFreq
 .text.HAL_RCC_GetHCLKFreq
                0x0800448c       0x14 ./Drivers/STM32F1xx_HAL_Driver/Src/stm32f1xx_hal_rcc.o
                0x0800448c                HAL_RCC_GetHCLKFreq
 .text.HAL_RCC_GetPCLK1Freq
                0x080044a0       0x28 ./Drivers/STM32F1xx_HAL_Driver/Src/stm32f1xx_hal_rcc.o
                0x080044a0                HAL_RCC_GetPCLK1Freq
 .text.HAL_RCC_GetPCLK2Freq
                0x080044c8       0x28 ./Drivers/STM32F1xx_HAL_Driver/Src/stm32f1xx_hal_rcc.o
                0x080044c8                HAL_RCC_GetPCLK2Freq
 .text.HAL_RCC_GetClockConfig
                0x080044f0       0x60 ./Drivers/STM32F1xx_HAL_Driver/Src/stm32f1xx_hal_rcc.o
                0x080044f0                HAL_RCC_GetClockConfig
 .text.RCC_Delay
                0x08004550       0x3c ./Drivers/STM32F1xx_HAL_Driver/Src/stm32f1xx_hal_rcc.o
 .text.HAL_SPI_Init
                0x0800458c      0x108 ./Drivers/STM32F1xx_HAL_Driver/Src/stm32f1xx_hal_spi.o
                0x0800458c                HAL_SPI_Init
 .text.HAL_SPI_Transmit
                0x08004694      0x288 ./Drivers/STM32F1xx_HAL_Driver/Src/stm32f1xx_hal_spi.o
                0x08004694                HAL_SPI_Transmit
 .text.HAL_SPI_Receive_IT
                0x0800491c      0x130 ./Drivers/STM32F1xx_HAL_Driver/Src/stm32f1xx_hal_spi.o
                0x0800491c                HAL_SPI_Receive_IT
 .text.HAL_SPI_TransmitReceive_IT
                0x08004a4c      0x11c ./Drivers/STM32F1xx_HAL_Driver/Src/stm32f1xx_hal_spi.o
                0x08004a4c                HAL_SPI_TransmitReceive_IT
 .text.HAL_SPI_IRQHandler
                0x08004b68      0x1bc ./Drivers/STM32F1xx_HAL_Driver/Src/stm32f1xx_hal_spi.o
                0x08004b68                HAL_SPI_IRQHandler
 .text.HAL_SPI_TxRxCpltCallback
                0x08004d24       0x12 ./Drivers/STM32F1xx_HAL_Driver/Src/stm32f1xx_hal_spi.o
                0x08004d24                HAL_SPI_TxRxCpltCallback
 .text.HAL_SPI_ErrorCallback
                0x08004d36       0x12 ./Drivers/STM32F1xx_HAL_Driver/Src/stm32f1xx_hal_spi.o
                0x08004d36                HAL_SPI_ErrorCallback
 .text.SPI_DMAAbortOnError
                0x08004d48       0x28 ./Drivers/STM32F1xx_HAL_Driver/Src/stm32f1xx_hal_spi.o
 .text.SPI_2linesRxISR_8BIT
                0x08004d70       0x64 ./Drivers/STM32F1xx_HAL_Driver/Src/stm32f1xx_hal_spi.o
 .text.SPI_2linesTxISR_8BIT
                0x08004dd4       0x60 ./Drivers/STM32F1xx_HAL_Driver/Src/stm32f1xx_hal_spi.o
 .text.SPI_2linesRxISR_16BIT
                0x08004e34       0x60 ./Drivers/STM32F1xx_HAL_Driver/Src/stm32f1xx_hal_spi.o
 .text.SPI_2linesTxISR_16BIT
                0x08004e94       0x5e ./Drivers/STM32F1xx_HAL_Driver/Src/stm32f1xx_hal_spi.o
 .text.SPI_RxISR_8BIT
                0x08004ef2       0x4a ./Drivers/STM32F1xx_HAL_Driver/Src/stm32f1xx_hal_spi.o
 .text.SPI_RxISR_16BIT
                0x08004f3c       0x46 ./Drivers/STM32F1xx_HAL_Driver/Src/stm32f1xx_hal_spi.o
 *fill*         0x08004f82        0x2 
 .text.SPI_WaitFlagStateUntilTimeout
                0x08004f84      0x110 ./Drivers/STM32F1xx_HAL_Driver/Src/stm32f1xx_hal_spi.o
 .text.SPI_EndRxTransaction
                0x08005094       0xa4 ./Drivers/STM32F1xx_HAL_Driver/Src/stm32f1xx_hal_spi.o
 .text.SPI_EndRxTxTransaction
                0x08005138       0x62 ./Drivers/STM32F1xx_HAL_Driver/Src/stm32f1xx_hal_spi.o
 *fill*         0x0800519a        0x2 
 .text.SPI_CloseRxTx_ISR
                0x0800519c       0xe8 ./Drivers/STM32F1xx_HAL_Driver/Src/stm32f1xx_hal_spi.o
 .text.SPI_CloseRx_ISR
                0x08005284       0x7e ./Drivers/STM32F1xx_HAL_Driver/Src/stm32f1xx_hal_spi.o
 .text.HAL_TIM_Base_Init
                0x08005302       0x9e ./Drivers/STM32F1xx_HAL_Driver/Src/stm32f1xx_hal_tim.o
                0x08005302                HAL_TIM_Base_Init
 .text.HAL_TIM_Base_MspInit
                0x080053a0       0x12 ./Drivers/STM32F1xx_HAL_Driver/Src/stm32f1xx_hal_tim.o
                0x080053a0                HAL_TIM_Base_MspInit
 *fill*         0x080053b2        0x2 
 .text.HAL_TIM_Base_Start_IT
                0x080053b4       0xa4 ./Drivers/STM32F1xx_HAL_Driver/Src/stm32f1xx_hal_tim.o
                0x080053b4                HAL_TIM_Base_Start_IT
 .text.HAL_TIM_IRQHandler
                0x08005458      0x1e0 ./Drivers/STM32F1xx_HAL_Driver/Src/stm32f1xx_hal_tim.o
                0x08005458                HAL_TIM_IRQHandler
 .text.HAL_TIM_OC_DelayElapsedCallback
                0x08005638       0x12 ./Drivers/STM32F1xx_HAL_Driver/Src/stm32f1xx_hal_tim.o
                0x08005638                HAL_TIM_OC_DelayElapsedCallback
 .text.HAL_TIM_IC_CaptureCallback
                0x0800564a       0x12 ./Drivers/STM32F1xx_HAL_Driver/Src/stm32f1xx_hal_tim.o
                0x0800564a                HAL_TIM_IC_CaptureCallback
 .text.HAL_TIM_PWM_PulseFinishedCallback
                0x0800565c       0x12 ./Drivers/STM32F1xx_HAL_Driver/Src/stm32f1xx_hal_tim.o
                0x0800565c                HAL_TIM_PWM_PulseFinishedCallback
 .text.HAL_TIM_TriggerCallback
                0x0800566e       0x12 ./Drivers/STM32F1xx_HAL_Driver/Src/stm32f1xx_hal_tim.o
                0x0800566e                HAL_TIM_TriggerCallback
 .text.TIM_Base_SetConfig
                0x08005680       0xdc ./Drivers/STM32F1xx_HAL_Driver/Src/stm32f1xx_hal_tim.o
                0x08005680                TIM_Base_SetConfig
 .text.HAL_TIMEx_CommutCallback
                0x0800575c       0x12 ./Drivers/STM32F1xx_HAL_Driver/Src/stm32f1xx_hal_tim_ex.o
                0x0800575c                HAL_TIMEx_CommutCallback
 .text.HAL_TIMEx_BreakCallback
                0x0800576e       0x12 ./Drivers/STM32F1xx_HAL_Driver/Src/stm32f1xx_hal_tim_ex.o
                0x0800576e                HAL_TIMEx_BreakCallback
 .text.HAL_UART_Init
                0x08005780       0xa0 ./Drivers/STM32F1xx_HAL_Driver/Src/stm32f1xx_hal_uart.o
                0x08005780                HAL_UART_Init
 .text.HAL_UART_Transmit
                0x08005820      0x116 ./Drivers/STM32F1xx_HAL_Driver/Src/stm32f1xx_hal_uart.o
                0x08005820                HAL_UART_Transmit
 .text.UART_WaitOnFlagUntilTimeout
                0x08005936       0xb2 ./Drivers/STM32F1xx_HAL_Driver/Src/stm32f1xx_hal_uart.o
 .text.UART_EndRxTransfer
                0x080059e8       0xc4 ./Drivers/STM32F1xx_HAL_Driver/Src/stm32f1xx_hal_uart.o
 .text.UART_SetConfig
                0x08005aac      0x11c ./Drivers/STM32F1xx_HAL_Driver/Src/stm32f1xx_hal_uart.o
 .text.vListInitialise
                0x08005bc8       0x3e ./Middlewares/Third_Party/FreeRTOS/Source/list.o
                0x08005bc8                vListInitialise
 .text.vListInitialiseItem
                0x08005c06       0x18 ./Middlewares/Third_Party/FreeRTOS/Source/list.o
                0x08005c06                vListInitialiseItem
 .text.vListInsertEnd
                0x08005c1e       0x46 ./Middlewares/Third_Party/FreeRTOS/Source/list.o
                0x08005c1e                vListInsertEnd
 .text.vListInsert
                0x08005c64       0x70 ./Middlewares/Third_Party/FreeRTOS/Source/list.o
                0x08005c64                vListInsert
 .text.uxListRemove
                0x08005cd4       0x52 ./Middlewares/Third_Party/FreeRTOS/Source/list.o
                0x08005cd4                uxListRemove
 *fill*         0x08005d26        0x2 
 .text.xQueueGenericReset
                0x08005d28       0xd4 ./Middlewares/Third_Party/FreeRTOS/Source/queue.o
                0x08005d28                xQueueGenericReset
 .text.xQueueGenericCreateStatic
                0x08005dfc       0xfa ./Middlewares/Third_Party/FreeRTOS/Source/queue.o
                0x08005dfc                xQueueGenericCreateStatic
 .text.xQueueGenericCreate
                0x08005ef6       0x76 ./Middlewares/Third_Party/FreeRTOS/Source/queue.o
                0x08005ef6                xQueueGenericCreate
 .text.prvInitialiseNewQueue
                0x08005f6c       0x3e ./Middlewares/Third_Party/FreeRTOS/Source/queue.o
 *fill*         0x08005faa        0x2 
 .text.xQueueGenericSend
                0x08005fac      0x204 ./Middlewares/Third_Party/FreeRTOS/Source/queue.o
                0x08005fac                xQueueGenericSend
 .text.xQueueGenericSendFromISR
                0x080061b0      0x13c ./Middlewares/Third_Party/FreeRTOS/Source/queue.o
                0x080061b0                xQueueGenericSendFromISR
 .text.xQueueGiveFromISR
                0x080062ec      0x120 ./Middlewares/Third_Party/FreeRTOS/Source/queue.o
                0x080062ec                xQueueGiveFromISR
 .text.xQueueReceive
                0x0800640c      0x1c4 ./Middlewares/Third_Party/FreeRTOS/Source/queue.o
                0x0800640c                xQueueReceive
 .text.xQueueSemaphoreTake
                0x080065d0      0x220 ./Middlewares/Third_Party/FreeRTOS/Source/queue.o
                0x080065d0                xQueueSemaphoreTake
 .text.prvGetDisinheritPriorityAfterTimeout
                0x080067f0       0x2e ./Middlewares/Third_Party/FreeRTOS/Source/queue.o
 .text.prvCopyDataToQueue
                0x0800681e       0xd4 ./Middlewares/Third_Party/FreeRTOS/Source/queue.o
 .text.prvCopyDataFromQueue
                0x080068f2       0x4c ./Middlewares/Third_Party/FreeRTOS/Source/queue.o
 .text.prvUnlockQueue
                0x0800693e       0xa4 ./Middlewares/Third_Party/FreeRTOS/Source/queue.o
 .text.prvIsQueueEmpty
                0x080069e2       0x2c ./Middlewares/Third_Party/FreeRTOS/Source/queue.o
 .text.prvIsQueueFull
                0x08006a0e       0x30 ./Middlewares/Third_Party/FreeRTOS/Source/queue.o
 *fill*         0x08006a3e        0x2 
 .text.vQueueAddToRegistry
                0x08006a40       0x50 ./Middlewares/Third_Party/FreeRTOS/Source/queue.o
                0x08006a40                vQueueAddToRegistry
 .text.vQueueWaitForMessageRestricted
                0x08006a90       0x68 ./Middlewares/Third_Party/FreeRTOS/Source/queue.o
                0x08006a90                vQueueWaitForMessageRestricted
 .text.xTaskCreateStatic
                0x08006af8       0xc0 ./Middlewares/Third_Party/FreeRTOS/Source/tasks.o
                0x08006af8                xTaskCreateStatic
 .text.xTaskCreate
                0x08006bb8       0x8a ./Middlewares/Third_Party/FreeRTOS/Source/tasks.o
                0x08006bb8                xTaskCreate
 *fill*         0x08006c42        0x2 
 .text.prvInitialiseNewTask
                0x08006c44      0x140 ./Middlewares/Third_Party/FreeRTOS/Source/tasks.o
 .text.prvAddNewTaskToReadyList
                0x08006d84       0xd4 ./Middlewares/Third_Party/FreeRTOS/Source/tasks.o
 .text.vTaskDelay
                0x08006e58       0x6c ./Middlewares/Third_Party/FreeRTOS/Source/tasks.o
                0x08006e58                vTaskDelay
 .text.vTaskStartScheduler
                0x08006ec4       0xe0 ./Middlewares/Third_Party/FreeRTOS/Source/tasks.o
                0x08006ec4                vTaskStartScheduler
 .text.vTaskSuspendAll
                0x08006fa4       0x1c ./Middlewares/Third_Party/FreeRTOS/Source/tasks.o
                0x08006fa4                vTaskSuspendAll
 .text.xTaskResumeAll
                0x08006fc0      0x13c ./Middlewares/Third_Party/FreeRTOS/Source/tasks.o
                0x08006fc0                xTaskResumeAll
 .text.xTaskGetTickCount
                0x080070fc       0x1c ./Middlewares/Third_Party/FreeRTOS/Source/tasks.o
                0x080070fc                xTaskGetTickCount
 .text.xTaskIncrementTick
                0x08007118      0x174 ./Middlewares/Third_Party/FreeRTOS/Source/tasks.o
                0x08007118                xTaskIncrementTick
 .text.vTaskSwitchContext
                0x0800728c       0xc4 ./Middlewares/Third_Party/FreeRTOS/Source/tasks.o
                0x0800728c                vTaskSwitchContext
 .text.vTaskPlaceOnEventList
                0x08007350       0x4c ./Middlewares/Third_Party/FreeRTOS/Source/tasks.o
                0x08007350                vTaskPlaceOnEventList
 .text.vTaskPlaceOnEventListRestricted
                0x0800739c       0x58 ./Middlewares/Third_Party/FreeRTOS/Source/tasks.o
                0x0800739c                vTaskPlaceOnEventListRestricted
 .text.xTaskRemoveFromEventList
                0x080073f4       0xc8 ./Middlewares/Third_Party/FreeRTOS/Source/tasks.o
                0x080073f4                xTaskRemoveFromEventList
 .text.vTaskInternalSetTimeOutState
                0x080074bc       0x2c ./Middlewares/Third_Party/FreeRTOS/Source/tasks.o
                0x080074bc                vTaskInternalSetTimeOutState
 .text.xTaskCheckForTimeOut
                0x080074e8       0xc8 ./Middlewares/Third_Party/FreeRTOS/Source/tasks.o
                0x080074e8                xTaskCheckForTimeOut
 .text.vTaskMissedYield
                0x080075b0       0x18 ./Middlewares/Third_Party/FreeRTOS/Source/tasks.o
                0x080075b0                vTaskMissedYield
 .text.prvIdleTask
                0x080075c8       0x30 ./Middlewares/Third_Party/FreeRTOS/Source/tasks.o
 .text.prvInitialiseTaskLists
                0x080075f8       0x80 ./Middlewares/Third_Party/FreeRTOS/Source/tasks.o
 .text.prvCheckTasksWaitingTermination
                0x08007678       0x5c ./Middlewares/Third_Party/FreeRTOS/Source/tasks.o
 .text.prvDeleteTCB
                0x080076d4       0x6a ./Middlewares/Third_Party/FreeRTOS/Source/tasks.o
 *fill*         0x0800773e        0x2 
 .text.prvResetNextTaskUnblockTime
                0x08007740       0x40 ./Middlewares/Third_Party/FreeRTOS/Source/tasks.o
 .text.xTaskGetSchedulerState
                0x08007780       0x3c ./Middlewares/Third_Party/FreeRTOS/Source/tasks.o
                0x08007780                xTaskGetSchedulerState
 .text.xTaskPriorityInherit
                0x080077bc       0xec ./Middlewares/Third_Party/FreeRTOS/Source/tasks.o
                0x080077bc                xTaskPriorityInherit
 .text.xTaskPriorityDisinherit
                0x080078a8      0x110 ./Middlewares/Third_Party/FreeRTOS/Source/tasks.o
                0x080078a8                xTaskPriorityDisinherit
 .text.vTaskPriorityDisinheritAfterTimeout
                0x080079b8      0x120 ./Middlewares/Third_Party/FreeRTOS/Source/tasks.o
                0x080079b8                vTaskPriorityDisinheritAfterTimeout
 .text.pvTaskIncrementMutexHeldCount
                0x08007ad8       0x28 ./Middlewares/Third_Party/FreeRTOS/Source/tasks.o
                0x08007ad8                pvTaskIncrementMutexHeldCount
 .text.prvAddCurrentTaskToDelayedList
                0x08007b00       0xcc ./Middlewares/Third_Party/FreeRTOS/Source/tasks.o
 .text.xTimerCreateTimerTask
                0x08007bcc       0x94 ./Middlewares/Third_Party/FreeRTOS/Source/timers.o
                0x08007bcc                xTimerCreateTimerTask
 .text.xTimerCreate
                0x08007c60       0x42 ./Middlewares/Third_Party/FreeRTOS/Source/timers.o
                0x08007c60                xTimerCreate
 .text.prvInitialiseNewTimer
                0x08007ca2       0x78 ./Middlewares/Third_Party/FreeRTOS/Source/timers.o
 *fill*         0x08007d1a        0x2 
 .text.xTimerGenericCommand
                0x08007d1c       0x9c ./Middlewares/Third_Party/FreeRTOS/Source/timers.o
                0x08007d1c                xTimerGenericCommand
 .text.prvProcessExpiredTimer
                0x08007db8       0x9c ./Middlewares/Third_Party/FreeRTOS/Source/timers.o
 .text.prvTimerTask
                0x08007e54       0x26 ./Middlewares/Third_Party/FreeRTOS/Source/timers.o
 *fill*         0x08007e7a        0x2 
 .text.prvProcessTimerOrBlockTask
                0x08007e7c       0x9c ./Middlewares/Third_Party/FreeRTOS/Source/timers.o
 .text.prvGetNextExpireTime
                0x08007f18       0x44 ./Middlewares/Third_Party/FreeRTOS/Source/timers.o
 .text.prvSampleTimeNow
                0x08007f5c       0x40 ./Middlewares/Third_Party/FreeRTOS/Source/timers.o
 .text.prvInsertTimerInActiveList
                0x08007f9c       0x84 ./Middlewares/Third_Party/FreeRTOS/Source/timers.o
 .text.prvProcessReceivedCommands
                0x08008020      0x194 ./Middlewares/Third_Party/FreeRTOS/Source/timers.o
 .text.prvSwitchTimerLists
                0x080081b4       0xcc ./Middlewares/Third_Party/FreeRTOS/Source/timers.o
 .text.prvCheckForValidListAndQueue
                0x08008280       0x80 ./Middlewares/Third_Party/FreeRTOS/Source/timers.o
 .text.pxPortInitialiseStack
                0x08008300       0x58 ./Middlewares/Third_Party/FreeRTOS/Source/portable/GCC/ARM_CM3/port.o
                0x08008300                pxPortInitialiseStack
 .text.prvTaskExitError
                0x08008358       0x58 ./Middlewares/Third_Party/FreeRTOS/Source/portable/GCC/ARM_CM3/port.o
 .text.SVC_Handler
                0x080083b0       0x28 ./Middlewares/Third_Party/FreeRTOS/Source/portable/GCC/ARM_CM3/port.o
                0x080083b0                SVC_Handler
 .text.prvPortStartFirstTask
                0x080083d8       0x20 ./Middlewares/Third_Party/FreeRTOS/Source/portable/GCC/ARM_CM3/port.o
 .text.xPortStartScheduler
                0x080083f8       0xe4 ./Middlewares/Third_Party/FreeRTOS/Source/portable/GCC/ARM_CM3/port.o
                0x080083f8                xPortStartScheduler
 .text.vPortEnterCritical
                0x080084dc       0x60 ./Middlewares/Third_Party/FreeRTOS/Source/portable/GCC/ARM_CM3/port.o
                0x080084dc                vPortEnterCritical
 .text.vPortExitCritical
                0x0800853c       0x54 ./Middlewares/Third_Party/FreeRTOS/Source/portable/GCC/ARM_CM3/port.o
                0x0800853c                vPortExitCritical
 .text.PendSV_Handler
                0x08008590       0x48 ./Middlewares/Third_Party/FreeRTOS/Source/portable/GCC/ARM_CM3/port.o
                0x08008590                PendSV_Handler
 .text.SysTick_Handler
                0x080085d8       0x44 ./Middlewares/Third_Party/FreeRTOS/Source/portable/GCC/ARM_CM3/port.o
                0x080085d8                SysTick_Handler
 .text.vPortSetupTimerInterrupt
                0x0800861c       0x44 ./Middlewares/Third_Party/FreeRTOS/Source/portable/GCC/ARM_CM3/port.o
                0x0800861c                vPortSetupTimerInterrupt
 .text.vPortValidateInterruptPriority
                0x08008660       0x80 ./Middlewares/Third_Party/FreeRTOS/Source/portable/GCC/ARM_CM3/port.o
                0x08008660                vPortValidateInterruptPriority
 .text.pvPortMalloc
                0x080086e0      0x19c ./Middlewares/Third_Party/FreeRTOS/Source/portable/MemMang/heap_4.o
                0x080086e0                pvPortMalloc
 .text.vPortFree
                0x0800887c       0xc8 ./Middlewares/Third_Party/FreeRTOS/Source/portable/MemMang/heap_4.o
                0x0800887c                vPortFree
 .text.prvHeapInit
                0x08008944       0xc4 ./Middlewares/Third_Party/FreeRTOS/Source/portable/MemMang/heap_4.o
 .text.prvInsertBlockIntoFreeList
                0x08008a08       0xb0 ./Middlewares/Third_Party/FreeRTOS/Source/portable/MemMang/heap_4.o
 .text.sprintf  0x08008ab8       0x40 /Applications/STM32CubeIDE.app/Contents/Eclipse/plugins/com.st.stm32cube.ide.mcu.externaltools.gnu-tools-for-stm32.12.3.rel1.macos64_1.0.200.202406191456/tools/bin/../lib/gcc/arm-none-eabi/12.3.1/../../../../arm-none-eabi/lib/thumb/v7-m/nofp/libc_nano.a(libc_a-sprintf.o)
                0x08008ab8                sprintf
                0x08008ab8                siprintf
 .text.memset   0x08008af8       0x10 /Applications/STM32CubeIDE.app/Contents/Eclipse/plugins/com.st.stm32cube.ide.mcu.externaltools.gnu-tools-for-stm32.12.3.rel1.macos64_1.0.200.202406191456/tools/bin/../lib/gcc/arm-none-eabi/12.3.1/../../../../arm-none-eabi/lib/thumb/v7-m/nofp/libc_nano.a(libc_a-memset.o)
                0x08008af8                memset
 .text._reclaim_reent
                0x08008b08       0xac /Applications/STM32CubeIDE.app/Contents/Eclipse/plugins/com.st.stm32cube.ide.mcu.externaltools.gnu-tools-for-stm32.12.3.rel1.macos64_1.0.200.202406191456/tools/bin/../lib/gcc/arm-none-eabi/12.3.1/../../../../arm-none-eabi/lib/thumb/v7-m/nofp/libc_nano.a(libc_a-reent.o)
                0x08008b08                _reclaim_reent
 .text.__errno  0x08008bb4        0xc /Applications/STM32CubeIDE.app/Contents/Eclipse/plugins/com.st.stm32cube.ide.mcu.externaltools.gnu-tools-for-stm32.12.3.rel1.macos64_1.0.200.202406191456/tools/bin/../lib/gcc/arm-none-eabi/12.3.1/../../../../arm-none-eabi/lib/thumb/v7-m/nofp/libc_nano.a(libc_a-errno.o)
                0x08008bb4                __errno
 .text.__libc_init_array
                0x08008bc0       0x48 /Applications/STM32CubeIDE.app/Contents/Eclipse/plugins/com.st.stm32cube.ide.mcu.externaltools.gnu-tools-for-stm32.12.3.rel1.macos64_1.0.200.202406191456/tools/bin/../lib/gcc/arm-none-eabi/12.3.1/../../../../arm-none-eabi/lib/thumb/v7-m/nofp/libc_nano.a(libc_a-init.o)
                0x08008bc0                __libc_init_array
 .text.__retarget_lock_acquire_recursive
                0x08008c08        0x2 /Applications/STM32CubeIDE.app/Contents/Eclipse/plugins/com.st.stm32cube.ide.mcu.externaltools.gnu-tools-for-stm32.12.3.rel1.macos64_1.0.200.202406191456/tools/bin/../lib/gcc/arm-none-eabi/12.3.1/../../../../arm-none-eabi/lib/thumb/v7-m/nofp/libc_nano.a(libc_a-lock.o)
                0x08008c08                __retarget_lock_acquire_recursive
 .text.__retarget_lock_release_recursive
                0x08008c0a        0x2 /Applications/STM32CubeIDE.app/Contents/Eclipse/plugins/com.st.stm32cube.ide.mcu.externaltools.gnu-tools-for-stm32.12.3.rel1.macos64_1.0.200.202406191456/tools/bin/../lib/gcc/arm-none-eabi/12.3.1/../../../../arm-none-eabi/lib/thumb/v7-m/nofp/libc_nano.a(libc_a-lock.o)
                0x08008c0a                __retarget_lock_release_recursive
 .text.memcpy   0x08008c0c       0x1c /Applications/STM32CubeIDE.app/Contents/Eclipse/plugins/com.st.stm32cube.ide.mcu.externaltools.gnu-tools-for-stm32.12.3.rel1.macos64_1.0.200.202406191456/tools/bin/../lib/gcc/arm-none-eabi/12.3.1/../../../../arm-none-eabi/lib/thumb/v7-m/nofp/libc_nano.a(libc_a-memcpy-stub.o)
                0x08008c0c                memcpy
 .text._free_r  0x08008c28       0x90 /Applications/STM32CubeIDE.app/Contents/Eclipse/plugins/com.st.stm32cube.ide.mcu.externaltools.gnu-tools-for-stm32.12.3.rel1.macos64_1.0.200.202406191456/tools/bin/../lib/gcc/arm-none-eabi/12.3.1/../../../../arm-none-eabi/lib/thumb/v7-m/nofp/libc_nano.a(libc_a-freer.o)
                0x08008c28                _free_r
 .text.__ssputs_r
                0x08008cb8       0xb6 /Applications/STM32CubeIDE.app/Contents/Eclipse/plugins/com.st.stm32cube.ide.mcu.externaltools.gnu-tools-for-stm32.12.3.rel1.macos64_1.0.200.202406191456/tools/bin/../lib/gcc/arm-none-eabi/12.3.1/../../../../arm-none-eabi/lib/thumb/v7-m/nofp/libc_nano.a(libc_a-nano-svfprintf.o)
                0x08008cb8                __ssputs_r
 *fill*         0x08008d6e        0x2 
 .text._svfprintf_r
                0x08008d70      0x1f8 /Applications/STM32CubeIDE.app/Contents/Eclipse/plugins/com.st.stm32cube.ide.mcu.externaltools.gnu-tools-for-stm32.12.3.rel1.macos64_1.0.200.202406191456/tools/bin/../lib/gcc/arm-none-eabi/12.3.1/../../../../arm-none-eabi/lib/thumb/v7-m/nofp/libc_nano.a(libc_a-nano-svfprintf.o)
                0x08008d70                _svfprintf_r
                0x08008d70                _svfiprintf_r
 .text.sbrk_aligned
                0x08008f68       0x44 /Applications/STM32CubeIDE.app/Contents/Eclipse/plugins/com.st.stm32cube.ide.mcu.externaltools.gnu-tools-for-stm32.12.3.rel1.macos64_1.0.200.202406191456/tools/bin/../lib/gcc/arm-none-eabi/12.3.1/../../../../arm-none-eabi/lib/thumb/v7-m/nofp/libc_nano.a(libc_a-mallocr.o)
 .text._malloc_r
                0x08008fac      0x100 /Applications/STM32CubeIDE.app/Contents/Eclipse/plugins/com.st.stm32cube.ide.mcu.externaltools.gnu-tools-for-stm32.12.3.rel1.macos64_1.0.200.202406191456/tools/bin/../lib/gcc/arm-none-eabi/12.3.1/../../../../arm-none-eabi/lib/thumb/v7-m/nofp/libc_nano.a(libc_a-mallocr.o)
                0x08008fac                _malloc_r
 .text._printf_common
                0x080090ac       0xe4 /Applications/STM32CubeIDE.app/Contents/Eclipse/plugins/com.st.stm32cube.ide.mcu.externaltools.gnu-tools-for-stm32.12.3.rel1.macos64_1.0.200.202406191456/tools/bin/../lib/gcc/arm-none-eabi/12.3.1/../../../../arm-none-eabi/lib/thumb/v7-m/nofp/libc_nano.a(libc_a-nano-vfprintf_i.o)
                0x080090ac                _printf_common
 .text._printf_i
                0x08009190      0x240 /Applications/STM32CubeIDE.app/Contents/Eclipse/plugins/com.st.stm32cube.ide.mcu.externaltools.gnu-tools-for-stm32.12.3.rel1.macos64_1.0.200.202406191456/tools/bin/../lib/gcc/arm-none-eabi/12.3.1/../../../../arm-none-eabi/lib/thumb/v7-m/nofp/libc_nano.a(libc_a-nano-vfprintf_i.o)
                0x08009190                _printf_i
 .text.__malloc_lock
                0x080093d0        0xc /Applications/STM32CubeIDE.app/Contents/Eclipse/plugins/com.st.stm32cube.ide.mcu.externaltools.gnu-tools-for-stm32.12.3.rel1.macos64_1.0.200.202406191456/tools/bin/../lib/gcc/arm-none-eabi/12.3.1/../../../../arm-none-eabi/lib/thumb/v7-m/nofp/libc_nano.a(libc_a-mlock.o)
                0x080093d0                __malloc_lock
 .text.__malloc_unlock
                0x080093dc        0xc /Applications/STM32CubeIDE.app/Contents/Eclipse/plugins/com.st.stm32cube.ide.mcu.externaltools.gnu-tools-for-stm32.12.3.rel1.macos64_1.0.200.202406191456/tools/bin/../lib/gcc/arm-none-eabi/12.3.1/../../../../arm-none-eabi/lib/thumb/v7-m/nofp/libc_nano.a(libc_a-mlock.o)
                0x080093dc                __malloc_unlock
 .text._realloc_r
                0x080093e8       0x5c /Applications/STM32CubeIDE.app/Contents/Eclipse/plugins/com.st.stm32cube.ide.mcu.externaltools.gnu-tools-for-stm32.12.3.rel1.macos64_1.0.200.202406191456/tools/bin/../lib/gcc/arm-none-eabi/12.3.1/../../../../arm-none-eabi/lib/thumb/v7-m/nofp/libc_nano.a(libc_a-reallocr.o)
                0x080093e8                _realloc_r
 .text.memmove  0x08009444       0x34 /Applications/STM32CubeIDE.app/Contents/Eclipse/plugins/com.st.stm32cube.ide.mcu.externaltools.gnu-tools-for-stm32.12.3.rel1.macos64_1.0.200.202406191456/tools/bin/../lib/gcc/arm-none-eabi/12.3.1/../../../../arm-none-eabi/lib/thumb/v7-m/nofp/libc_nano.a(libc_a-memmove.o)
                0x08009444                memmove
 .text._sbrk_r  0x08009478       0x20 /Applications/STM32CubeIDE.app/Contents/Eclipse/plugins/com.st.stm32cube.ide.mcu.externaltools.gnu-tools-for-stm32.12.3.rel1.macos64_1.0.200.202406191456/tools/bin/../lib/gcc/arm-none-eabi/12.3.1/../../../../arm-none-eabi/lib/thumb/v7-m/nofp/libc_nano.a(libc_a-sbrkr.o)
                0x08009478                _sbrk_r
 .text.memchr   0x08009498       0x1c /Applications/STM32CubeIDE.app/Contents/Eclipse/plugins/com.st.stm32cube.ide.mcu.externaltools.gnu-tools-for-stm32.12.3.rel1.macos64_1.0.200.202406191456/tools/bin/../lib/gcc/arm-none-eabi/12.3.1/../../../../arm-none-eabi/lib/thumb/v7-m/nofp/libc_nano.a(libc_a-memchr-stub.o)
                0x08009498                memchr
 .text._malloc_usable_size_r
                0x080094b4       0x10 /Applications/STM32CubeIDE.app/Contents/Eclipse/plugins/com.st.stm32cube.ide.mcu.externaltools.gnu-tools-for-stm32.12.3.rel1.macos64_1.0.200.202406191456/tools/bin/../lib/gcc/arm-none-eabi/12.3.1/../../../../arm-none-eabi/lib/thumb/v7-m/nofp/libc_nano.a(libc_a-msizer.o)
                0x080094b4                _malloc_usable_size_r
 *(.glue_7)
 .glue_7        0x080094c4        0x0 linker stubs
 *(.glue_7t)
 .glue_7t       0x080094c4        0x0 linker stubs
 *(.eh_frame)
 .eh_frame      0x080094c4        0x0 /Applications/STM32CubeIDE.app/Contents/Eclipse/plugins/com.st.stm32cube.ide.mcu.externaltools.gnu-tools-for-stm32.12.3.rel1.macos64_1.0.200.202406191456/tools/bin/../lib/gcc/arm-none-eabi/12.3.1/thumb/v7-m/nofp/crtbegin.o
 *(.init)
 .init          0x080094c4        0x4 /Applications/STM32CubeIDE.app/Contents/Eclipse/plugins/com.st.stm32cube.ide.mcu.externaltools.gnu-tools-for-stm32.12.3.rel1.macos64_1.0.200.202406191456/tools/bin/../lib/gcc/arm-none-eabi/12.3.1/thumb/v7-m/nofp/crti.o
                0x080094c4                _init
 .init          0x080094c8        0x8 /Applications/STM32CubeIDE.app/Contents/Eclipse/plugins/com.st.stm32cube.ide.mcu.externaltools.gnu-tools-for-stm32.12.3.rel1.macos64_1.0.200.202406191456/tools/bin/../lib/gcc/arm-none-eabi/12.3.1/thumb/v7-m/nofp/crtn.o
 *(.fini)
 .fini          0x080094d0        0x4 /Applications/STM32CubeIDE.app/Contents/Eclipse/plugins/com.st.stm32cube.ide.mcu.externaltools.gnu-tools-for-stm32.12.3.rel1.macos64_1.0.200.202406191456/tools/bin/../lib/gcc/arm-none-eabi/12.3.1/thumb/v7-m/nofp/crti.o
                0x080094d0                _fini
 .fini          0x080094d4        0x8 /Applications/STM32CubeIDE.app/Contents/Eclipse/plugins/com.st.stm32cube.ide.mcu.externaltools.gnu-tools-for-stm32.12.3.rel1.macos64_1.0.200.202406191456/tools/bin/../lib/gcc/arm-none-eabi/12.3.1/thumb/v7-m/nofp/crtn.o
                0x080094dc                        . = ALIGN (0x4)
                0x080094dc                        _etext = .

.vfp11_veneer   0x080094dc        0x0
 .vfp11_veneer  0x080094dc        0x0 linker stubs

.v4_bx          0x080094dc        0x0
 .v4_bx         0x080094dc        0x0 linker stubs

.iplt           0x080094dc        0x0
 .iplt          0x080094dc        0x0 /Applications/STM32CubeIDE.app/Contents/Eclipse/plugins/com.st.stm32cube.ide.mcu.externaltools.gnu-tools-for-stm32.12.3.rel1.macos64_1.0.200.202406191456/tools/bin/../lib/gcc/arm-none-eabi/12.3.1/thumb/v7-m/nofp/crtbegin.o

.rodata         0x080094dc      0x33c
                0x080094dc                        . = ALIGN (0x4)
 *(.rodata)
 .rodata        0x080094dc      0x175 ./Core/Src/main.o
 *fill*         0x08009651        0x3 
 .rodata        0x08009654      0x14c ./Core/Src/stuffManage.o
 .rodata        0x080097a0        0x5 ./Middlewares/Third_Party/FreeRTOS/Source/tasks.o
 *fill*         0x080097a5        0x3 
 .rodata        0x080097a8        0xd ./Middlewares/Third_Party/FreeRTOS/Source/timers.o
 *(.rodata*)
 *fill*         0x080097b5        0x3 
 .rodata.AHBPrescTable
                0x080097b8       0x10 ./Core/Src/system_stm32f1xx.o
                0x080097b8                AHBPrescTable
 .rodata.APBPrescTable
                0x080097c8        0x8 ./Core/Src/system_stm32f1xx.o
                0x080097c8                APBPrescTable
 .rodata.aPLLMULFactorTable.1
                0x080097d0       0x10 ./Drivers/STM32F1xx_HAL_Driver/Src/stm32f1xx_hal_rcc.o
 .rodata.aPredivFactorTable.0
                0x080097e0        0x2 ./Drivers/STM32F1xx_HAL_Driver/Src/stm32f1xx_hal_rcc.o
 .rodata._svfprintf_r.str1.1
                0x080097e2       0x11 /Applications/STM32CubeIDE.app/Contents/Eclipse/plugins/com.st.stm32cube.ide.mcu.externaltools.gnu-tools-for-stm32.12.3.rel1.macos64_1.0.200.202406191456/tools/bin/../lib/gcc/arm-none-eabi/12.3.1/../../../../arm-none-eabi/lib/thumb/v7-m/nofp/libc_nano.a(libc_a-nano-svfprintf.o)
 .rodata._printf_i.str1.1
                0x080097f3       0x22 /Applications/STM32CubeIDE.app/Contents/Eclipse/plugins/com.st.stm32cube.ide.mcu.externaltools.gnu-tools-for-stm32.12.3.rel1.macos64_1.0.200.202406191456/tools/bin/../lib/gcc/arm-none-eabi/12.3.1/../../../../arm-none-eabi/lib/thumb/v7-m/nofp/libc_nano.a(libc_a-nano-vfprintf_i.o)
                0x08009818                        . = ALIGN (0x4)
 *fill*         0x08009815        0x3 

.ARM.extab      0x08009818        0x0
                0x08009818                        . = ALIGN (0x4)
 *(.ARM.extab* .gnu.linkonce.armextab.*)
                0x08009818                        . = ALIGN (0x4)

.ARM            0x08009818        0x8
                0x08009818                        . = ALIGN (0x4)
                0x08009818                        __exidx_start = .
 *(.ARM.exidx*)
 .ARM.exidx     0x08009818        0x8 /Applications/STM32CubeIDE.app/Contents/Eclipse/plugins/com.st.stm32cube.ide.mcu.externaltools.gnu-tools-for-stm32.12.3.rel1.macos64_1.0.200.202406191456/tools/bin/../lib/gcc/arm-none-eabi/12.3.1/../../../../arm-none-eabi/lib/thumb/v7-m/nofp/libc_nano.a(libc_a-strlen.o)
                0x08009820                        __exidx_end = .
                0x08009820                        . = ALIGN (0x4)

.preinit_array  0x08009820        0x0
                0x08009820                        . = ALIGN (0x4)
                0x08009820                        PROVIDE (__preinit_array_start = .)
 *(.preinit_array*)
                0x08009820                        PROVIDE (__preinit_array_end = .)
                0x08009820                        . = ALIGN (0x4)

.init_array     0x08009820        0x4
                0x08009820                        . = ALIGN (0x4)
                0x08009820                        PROVIDE (__init_array_start = .)
 *(SORT_BY_NAME(.init_array.*))
 *(.init_array*)
 .init_array    0x08009820        0x4 /Applications/STM32CubeIDE.app/Contents/Eclipse/plugins/com.st.stm32cube.ide.mcu.externaltools.gnu-tools-for-stm32.12.3.rel1.macos64_1.0.200.202406191456/tools/bin/../lib/gcc/arm-none-eabi/12.3.1/thumb/v7-m/nofp/crtbegin.o
                0x08009824                        PROVIDE (__init_array_end = .)
                0x08009824                        . = ALIGN (0x4)

.fini_array     0x08009824        0x4
                0x08009824                        . = ALIGN (0x4)
                [!provide]                        PROVIDE (__fini_array_start = .)
 *(SORT_BY_NAME(.fini_array.*))
 *(.fini_array*)
 .fini_array    0x08009824        0x4 /Applications/STM32CubeIDE.app/Contents/Eclipse/plugins/com.st.stm32cube.ide.mcu.externaltools.gnu-tools-for-stm32.12.3.rel1.macos64_1.0.200.202406191456/tools/bin/../lib/gcc/arm-none-eabi/12.3.1/thumb/v7-m/nofp/crtbegin.o
                [!provide]                        PROVIDE (__fini_array_end = .)
                0x08009828                        . = ALIGN (0x4)
                0x08009828                        _sidata = LOADADDR (.data)

.rel.dyn        0x08009828        0x0
 .rel.iplt      0x08009828        0x0 /Applications/STM32CubeIDE.app/Contents/Eclipse/plugins/com.st.stm32cube.ide.mcu.externaltools.gnu-tools-for-stm32.12.3.rel1.macos64_1.0.200.202406191456/tools/bin/../lib/gcc/arm-none-eabi/12.3.1/thumb/v7-m/nofp/crtbegin.o

.data           0x20000000       0x64 load address 0x08009828
                0x20000000                        . = ALIGN (0x4)
                0x20000000                        _sdata = .
 *(.data)
 *(.data*)
 .data.txData   0x20000000        0x1 ./Core/Src/main.o
                0x20000000                txData
 *fill*         0x20000001        0x3 
 .data.SystemCoreClock
                0x20000004        0x4 ./Core/Src/system_stm32f1xx.o
                0x20000004                SystemCoreClock
 .data.uwTickPrio
                0x20000008        0x4 ./Drivers/STM32F1xx_HAL_Driver/Src/stm32f1xx_hal.o
                0x20000008                uwTickPrio
 .data.uwTickFreq
                0x2000000c        0x1 ./Drivers/STM32F1xx_HAL_Driver/Src/stm32f1xx_hal.o
                0x2000000c                uwTickFreq
 *fill*         0x2000000d        0x3 
 .data.uxCriticalNesting
                0x20000010        0x4 ./Middlewares/Third_Party/FreeRTOS/Source/portable/GCC/ARM_CM3/port.o
 .data._impure_ptr
                0x20000014        0x4 /Applications/STM32CubeIDE.app/Contents/Eclipse/plugins/com.st.stm32cube.ide.mcu.externaltools.gnu-tools-for-stm32.12.3.rel1.macos64_1.0.200.202406191456/tools/bin/../lib/gcc/arm-none-eabi/12.3.1/../../../../arm-none-eabi/lib/thumb/v7-m/nofp/libc_nano.a(libc_a-impure.o)
                0x20000014                _impure_ptr
 .data._impure_data
                0x20000018       0x4c /Applications/STM32CubeIDE.app/Contents/Eclipse/plugins/com.st.stm32cube.ide.mcu.externaltools.gnu-tools-for-stm32.12.3.rel1.macos64_1.0.200.202406191456/tools/bin/../lib/gcc/arm-none-eabi/12.3.1/../../../../arm-none-eabi/lib/thumb/v7-m/nofp/libc_nano.a(libc_a-impure.o)
                0x20000018                _impure_data
 *(.RamFunc)
 *(.RamFunc*)
                0x20000064                        . = ALIGN (0x4)
                0x20000064                        _edata = .

.igot.plt       0x20000064        0x0 load address 0x0800988c
 .igot.plt      0x20000064        0x0 /Applications/STM32CubeIDE.app/Contents/Eclipse/plugins/com.st.stm32cube.ide.mcu.externaltools.gnu-tools-for-stm32.12.3.rel1.macos64_1.0.200.202406191456/tools/bin/../lib/gcc/arm-none-eabi/12.3.1/thumb/v7-m/nofp/crtbegin.o
                0x20000064                        . = ALIGN (0x4)

.bss            0x20000064     0x1d28 load address 0x0800988c
                0x20000064                        _sbss = .
                0x20000064                        __bss_start__ = _sbss
 *(.bss)
 .bss           0x20000064       0x1c /Applications/STM32CubeIDE.app/Contents/Eclipse/plugins/com.st.stm32cube.ide.mcu.externaltools.gnu-tools-for-stm32.12.3.rel1.macos64_1.0.200.202406191456/tools/bin/../lib/gcc/arm-none-eabi/12.3.1/thumb/v7-m/nofp/crtbegin.o
 *(.bss*)
 .bss.xIdleTaskTCBBuffer
                0x20000080       0xa0 ./Core/Src/freertos.o
 .bss.xIdleStack
                0x20000120      0x200 ./Core/Src/freertos.o
 .bss.xTimerTaskTCBBuffer
                0x20000320       0xa0 ./Core/Src/freertos.o
 .bss.xTimerStack
                0x200003c0      0x400 ./Core/Src/freertos.o
 .bss.hi2c1     0x200007c0       0x54 ./Core/Src/main.o
                0x200007c0                hi2c1
 .bss.hspi1     0x20000814       0x58 ./Core/Src/main.o
                0x20000814                hspi1
 .bss.huart2    0x2000086c       0x48 ./Core/Src/main.o
                0x2000086c                huart2
 .bss.copyHandler
                0x200008b4        0x4 ./Core/Src/main.o
                0x200008b4                copyHandler
 .bss.cookHandler
                0x200008b8        0x4 ./Core/Src/main.o
                0x200008b8                cookHandler
 .bss.lcdHandler
                0x200008bc        0x4 ./Core/Src/main.o
                0x200008bc                lcdHandler
 .bss.buzzerHandler
                0x200008c0        0x4 ./Core/Src/main.o
                0x200008c0                buzzerHandler
 .bss.spiSem    0x200008c4        0x4 ./Core/Src/main.o
                0x200008c4                spiSem
 .bss.cookSem   0x200008c8        0x4 ./Core/Src/main.o
                0x200008c8                cookSem
 .bss.lcdSem    0x200008cc        0x4 ./Core/Src/main.o
                0x200008cc                lcdSem
 .bss.userTimerHandler
                0x200008d0        0x4 ./Core/Src/main.o
                0x200008d0                userTimerHandler
 .bss.userData  0x200008d4       0x34 ./Core/Src/main.o
                0x200008d4                userData
 .bss.rxBuffer  0x20000908        0x5 ./Core/Src/main.o
                0x20000908                rxBuffer
 .bss.startSig  0x2000090d        0x1 ./Core/Src/main.o
                0x2000090d                startSig
 .bss.whatCourse
                0x2000090e        0x1 ./Core/Src/main.o
                0x2000090e                whatCourse
 *fill*         0x2000090f        0x1 
 .bss.timeStr1  0x20000910        0x6 ./Core/Src/main.o
                0x20000910                timeStr1
 *fill*         0x20000916        0x2 
 .bss.timeStr2  0x20000918        0x6 ./Core/Src/main.o
                0x20000918                timeStr2
 *fill*         0x2000091e        0x2 
 .bss.timeStr3  0x20000920        0x6 ./Core/Src/main.o
                0x20000920                timeStr3
 *fill*         0x20000926        0x2 
 .bss.timeStr4  0x20000928        0x6 ./Core/Src/main.o
                0x20000928                timeStr4
 *fill*         0x2000092e        0x2 
 .bss.arrCourseTime
                0x20000930        0x4 ./Core/Src/main.o
                0x20000930                arrCourseTime
 .bss.arrCourseTime1
                0x20000934        0x4 ./Core/Src/main.o
                0x20000934                arrCourseTime1
 .bss.arrCourseTime2
                0x20000938        0x4 ./Core/Src/main.o
                0x20000938                arrCourseTime2
 .bss.arrCourseTime3
                0x2000093c        0x4 ./Core/Src/main.o
                0x2000093c                arrCourseTime3
 .bss.maxIndex  0x20000940        0x1 ./Core/Src/main.o
                0x20000940                maxIndex
 .bss.maxIndex1
                0x20000941        0x1 ./Core/Src/main.o
                0x20000941                maxIndex1
 .bss.maxIndex2
                0x20000942        0x1 ./Core/Src/main.o
                0x20000942                maxIndex2
 .bss.maxIndex3
                0x20000943        0x1 ./Core/Src/main.o
                0x20000943                maxIndex3
 .bss.remainingStuff
                0x20000944       0x1e ./Core/Src/main.o
                0x20000944                remainingStuff
 .bss.buzzerSig
                0x20000962        0x1 ./Core/Src/main.o
                0x20000962                buzzerSig
 .bss.lcdState  0x20000963        0x1 ./Core/Src/main.o
                0x20000963                lcdState
 .bss.htim2     0x20000964       0x48 ./Core/Src/stm32f1xx_hal_timebase_tim.o
                0x20000964                htim2
 .bss.__sbrk_heap_end
                0x200009ac        0x4 ./Core/Src/sysmem.o
 .bss.uwTick    0x200009b0        0x4 ./Drivers/STM32F1xx_HAL_Driver/Src/stm32f1xx_hal.o
                0x200009b0                uwTick
 .bss.xQueueRegistry
                0x200009b4       0x40 ./Middlewares/Third_Party/FreeRTOS/Source/queue.o
                0x200009b4                xQueueRegistry
 .bss.pxCurrentTCB
                0x200009f4        0x4 ./Middlewares/Third_Party/FreeRTOS/Source/tasks.o
                0x200009f4                pxCurrentTCB
 .bss.pxReadyTasksLists
                0x200009f8       0x8c ./Middlewares/Third_Party/FreeRTOS/Source/tasks.o
 .bss.xDelayedTaskList1
                0x20000a84       0x14 ./Middlewares/Third_Party/FreeRTOS/Source/tasks.o
 .bss.xDelayedTaskList2
                0x20000a98       0x14 ./Middlewares/Third_Party/FreeRTOS/Source/tasks.o
 .bss.pxDelayedTaskList
                0x20000aac        0x4 ./Middlewares/Third_Party/FreeRTOS/Source/tasks.o
 .bss.pxOverflowDelayedTaskList
                0x20000ab0        0x4 ./Middlewares/Third_Party/FreeRTOS/Source/tasks.o
 .bss.xPendingReadyList
                0x20000ab4       0x14 ./Middlewares/Third_Party/FreeRTOS/Source/tasks.o
 .bss.xTasksWaitingTermination
                0x20000ac8       0x14 ./Middlewares/Third_Party/FreeRTOS/Source/tasks.o
 .bss.uxDeletedTasksWaitingCleanUp
                0x20000adc        0x4 ./Middlewares/Third_Party/FreeRTOS/Source/tasks.o
 .bss.xSuspendedTaskList
                0x20000ae0       0x14 ./Middlewares/Third_Party/FreeRTOS/Source/tasks.o
 .bss.uxCurrentNumberOfTasks
                0x20000af4        0x4 ./Middlewares/Third_Party/FreeRTOS/Source/tasks.o
 .bss.xTickCount
                0x20000af8        0x4 ./Middlewares/Third_Party/FreeRTOS/Source/tasks.o
 .bss.uxTopReadyPriority
                0x20000afc        0x4 ./Middlewares/Third_Party/FreeRTOS/Source/tasks.o
 .bss.xSchedulerRunning
                0x20000b00        0x4 ./Middlewares/Third_Party/FreeRTOS/Source/tasks.o
 .bss.xPendedTicks
                0x20000b04        0x4 ./Middlewares/Third_Party/FreeRTOS/Source/tasks.o
 .bss.xYieldPending
                0x20000b08        0x4 ./Middlewares/Third_Party/FreeRTOS/Source/tasks.o
 .bss.xNumOfOverflows
                0x20000b0c        0x4 ./Middlewares/Third_Party/FreeRTOS/Source/tasks.o
 .bss.uxTaskNumber
                0x20000b10        0x4 ./Middlewares/Third_Party/FreeRTOS/Source/tasks.o
 .bss.xNextTaskUnblockTime
                0x20000b14        0x4 ./Middlewares/Third_Party/FreeRTOS/Source/tasks.o
 .bss.xIdleTaskHandle
                0x20000b18        0x4 ./Middlewares/Third_Party/FreeRTOS/Source/tasks.o
 .bss.uxSchedulerSuspended
                0x20000b1c        0x4 ./Middlewares/Third_Party/FreeRTOS/Source/tasks.o
 .bss.xActiveTimerList1
                0x20000b20       0x14 ./Middlewares/Third_Party/FreeRTOS/Source/timers.o
 .bss.xActiveTimerList2
                0x20000b34       0x14 ./Middlewares/Third_Party/FreeRTOS/Source/timers.o
 .bss.pxCurrentTimerList
                0x20000b48        0x4 ./Middlewares/Third_Party/FreeRTOS/Source/timers.o
 .bss.pxOverflowTimerList
                0x20000b4c        0x4 ./Middlewares/Third_Party/FreeRTOS/Source/timers.o
 .bss.xTimerQueue
                0x20000b50        0x4 ./Middlewares/Third_Party/FreeRTOS/Source/timers.o
 .bss.xTimerTaskHandle
                0x20000b54        0x4 ./Middlewares/Third_Party/FreeRTOS/Source/timers.o
 .bss.xLastTime.2
                0x20000b58        0x4 ./Middlewares/Third_Party/FreeRTOS/Source/timers.o
 .bss.ucStaticTimerQueueStorage.1
                0x20000b5c       0x78 ./Middlewares/Third_Party/FreeRTOS/Source/timers.o
 .bss.xStaticTimerQueue.0
                0x20000bd4       0x48 ./Middlewares/Third_Party/FreeRTOS/Source/timers.o
 .bss.ucMaxSysCallPriority
                0x20000c1c        0x1 ./Middlewares/Third_Party/FreeRTOS/Source/portable/GCC/ARM_CM3/port.o
 *fill*         0x20000c1d        0x3 
 .bss.ulMaxPRIGROUPValue
                0x20000c20        0x4 ./Middlewares/Third_Party/FreeRTOS/Source/portable/GCC/ARM_CM3/port.o
 .bss.ucHeap    0x20000c24     0x1000 ./Middlewares/Third_Party/FreeRTOS/Source/portable/MemMang/heap_4.o
 .bss.xStart    0x20001c24        0x8 ./Middlewares/Third_Party/FreeRTOS/Source/portable/MemMang/heap_4.o
 .bss.pxEnd     0x20001c2c        0x4 ./Middlewares/Third_Party/FreeRTOS/Source/portable/MemMang/heap_4.o
 .bss.xFreeBytesRemaining
                0x20001c30        0x4 ./Middlewares/Third_Party/FreeRTOS/Source/portable/MemMang/heap_4.o
 .bss.xMinimumEverFreeBytesRemaining
                0x20001c34        0x4 ./Middlewares/Third_Party/FreeRTOS/Source/portable/MemMang/heap_4.o
 .bss.xNumberOfSuccessfulAllocations
                0x20001c38        0x4 ./Middlewares/Third_Party/FreeRTOS/Source/portable/MemMang/heap_4.o
 .bss.xNumberOfSuccessfulFrees
                0x20001c3c        0x4 ./Middlewares/Third_Party/FreeRTOS/Source/portable/MemMang/heap_4.o
 .bss.xBlockAllocatedBit
                0x20001c40        0x4 ./Middlewares/Third_Party/FreeRTOS/Source/portable/MemMang/heap_4.o
 .bss.__sf      0x20001c44      0x138 /Applications/STM32CubeIDE.app/Contents/Eclipse/plugins/com.st.stm32cube.ide.mcu.externaltools.gnu-tools-for-stm32.12.3.rel1.macos64_1.0.200.202406191456/tools/bin/../lib/gcc/arm-none-eabi/12.3.1/../../../../arm-none-eabi/lib/thumb/v7-m/nofp/libc_nano.a(libc_a-findfp.o)
                0x20001c44                __sf
 .bss.errno     0x20001d7c        0x4 /Applications/STM32CubeIDE.app/Contents/Eclipse/plugins/com.st.stm32cube.ide.mcu.externaltools.gnu-tools-for-stm32.12.3.rel1.macos64_1.0.200.202406191456/tools/bin/../lib/gcc/arm-none-eabi/12.3.1/../../../../arm-none-eabi/lib/thumb/v7-m/nofp/libc_nano.a(libc_a-reent.o)
                0x20001d7c                errno
 .bss.__lock___malloc_recursive_mutex
                0x20001d80        0x1 /Applications/STM32CubeIDE.app/Contents/Eclipse/plugins/com.st.stm32cube.ide.mcu.externaltools.gnu-tools-for-stm32.12.3.rel1.macos64_1.0.200.202406191456/tools/bin/../lib/gcc/arm-none-eabi/12.3.1/../../../../arm-none-eabi/lib/thumb/v7-m/nofp/libc_nano.a(libc_a-lock.o)
                0x20001d80                __lock___malloc_recursive_mutex
 *fill*         0x20001d81        0x3 
 .bss.__malloc_sbrk_start
                0x20001d84        0x4 /Applications/STM32CubeIDE.app/Contents/Eclipse/plugins/com.st.stm32cube.ide.mcu.externaltools.gnu-tools-for-stm32.12.3.rel1.macos64_1.0.200.202406191456/tools/bin/../lib/gcc/arm-none-eabi/12.3.1/../../../../arm-none-eabi/lib/thumb/v7-m/nofp/libc_nano.a(libc_a-mallocr.o)
                0x20001d84                __malloc_sbrk_start
 .bss.__malloc_free_list
                0x20001d88        0x4 /Applications/STM32CubeIDE.app/Contents/Eclipse/plugins/com.st.stm32cube.ide.mcu.externaltools.gnu-tools-for-stm32.12.3.rel1.macos64_1.0.200.202406191456/tools/bin/../lib/gcc/arm-none-eabi/12.3.1/../../../../arm-none-eabi/lib/thumb/v7-m/nofp/libc_nano.a(libc_a-mallocr.o)
                0x20001d88                __malloc_free_list
 *(COMMON)
                0x20001d8c                        . = ALIGN (0x4)
                0x20001d8c                        _ebss = .
                0x20001d8c                        __bss_end__ = _ebss

._user_heap_stack
                0x20001d8c      0x604 load address 0x0800988c
                0x20001d90                        . = ALIGN (0x8)
 *fill*         0x20001d8c        0x4 
                [!provide]                        PROVIDE (end = .)
                0x20001d90                        PROVIDE (_end = .)
                0x20001f90                        . = (. + _Min_Heap_Size)
 *fill*         0x20001d90      0x200 
                0x20002390                        . = (. + _Min_Stack_Size)
 *fill*         0x20001f90      0x400 
                0x20002390                        . = ALIGN (0x8)

/DISCARD/
 libc.a(*)
 libm.a(*)
 libgcc.a(*)

.ARM.attributes
                0x00000000       0x29
 *(.ARM.attributes)
 .ARM.attributes
                0x00000000       0x1d /Applications/STM32CubeIDE.app/Contents/Eclipse/plugins/com.st.stm32cube.ide.mcu.externaltools.gnu-tools-for-stm32.12.3.rel1.macos64_1.0.200.202406191456/tools/bin/../lib/gcc/arm-none-eabi/12.3.1/thumb/v7-m/nofp/crti.o
 .ARM.attributes
                0x0000001d       0x2d /Applications/STM32CubeIDE.app/Contents/Eclipse/plugins/com.st.stm32cube.ide.mcu.externaltools.gnu-tools-for-stm32.12.3.rel1.macos64_1.0.200.202406191456/tools/bin/../lib/gcc/arm-none-eabi/12.3.1/thumb/v7-m/nofp/crtbegin.o
 .ARM.attributes
                0x0000004a       0x2d ./Core/Src/freertos.o
 .ARM.attributes
                0x00000077       0x2d ./Core/Src/i2c_lcd.o
 .ARM.attributes
                0x000000a4       0x2d ./Core/Src/main.o
 .ARM.attributes
                0x000000d1       0x2d ./Core/Src/stm32f1xx_hal_msp.o
 .ARM.attributes
                0x000000fe       0x2d ./Core/Src/stm32f1xx_hal_timebase_tim.o
 .ARM.attributes
                0x0000012b       0x2d ./Core/Src/stm32f1xx_it.o
 .ARM.attributes
                0x00000158       0x2d ./Core/Src/stuffManage.o
 .ARM.attributes
                0x00000185       0x2d ./Core/Src/sysmem.o
 .ARM.attributes
                0x000001b2       0x2d ./Core/Src/system_stm32f1xx.o
 .ARM.attributes
                0x000001df       0x21 ./Core/Startup/startup_stm32f103rbtx.o
 .ARM.attributes
                0x00000200       0x2d ./Drivers/STM32F1xx_HAL_Driver/Src/stm32f1xx_hal.o
 .ARM.attributes
                0x0000022d       0x2d ./Drivers/STM32F1xx_HAL_Driver/Src/stm32f1xx_hal_cortex.o
 .ARM.attributes
                0x0000025a       0x2d ./Drivers/STM32F1xx_HAL_Driver/Src/stm32f1xx_hal_dma.o
 .ARM.attributes
                0x00000287       0x2d ./Drivers/STM32F1xx_HAL_Driver/Src/stm32f1xx_hal_gpio.o
 .ARM.attributes
                0x000002b4       0x2d ./Drivers/STM32F1xx_HAL_Driver/Src/stm32f1xx_hal_i2c.o
 .ARM.attributes
                0x000002e1       0x2d ./Drivers/STM32F1xx_HAL_Driver/Src/stm32f1xx_hal_rcc.o
 .ARM.attributes
                0x0000030e       0x2d ./Drivers/STM32F1xx_HAL_Driver/Src/stm32f1xx_hal_spi.o
 .ARM.attributes
                0x0000033b       0x2d ./Drivers/STM32F1xx_HAL_Driver/Src/stm32f1xx_hal_tim.o
 .ARM.attributes
                0x00000368       0x2d ./Drivers/STM32F1xx_HAL_Driver/Src/stm32f1xx_hal_tim_ex.o
 .ARM.attributes
                0x00000395       0x2d ./Drivers/STM32F1xx_HAL_Driver/Src/stm32f1xx_hal_uart.o
 .ARM.attributes
                0x000003c2       0x2d ./Middlewares/Third_Party/FreeRTOS/Source/list.o
 .ARM.attributes
                0x000003ef       0x2d ./Middlewares/Third_Party/FreeRTOS/Source/queue.o
 .ARM.attributes
                0x0000041c       0x2d ./Middlewares/Third_Party/FreeRTOS/Source/tasks.o
 .ARM.attributes
                0x00000449       0x2d ./Middlewares/Third_Party/FreeRTOS/Source/timers.o
 .ARM.attributes
                0x00000476       0x2d ./Middlewares/Third_Party/FreeRTOS/Source/portable/GCC/ARM_CM3/port.o
 .ARM.attributes
                0x000004a3       0x2d ./Middlewares/Third_Party/FreeRTOS/Source/portable/MemMang/heap_4.o
 .ARM.attributes
                0x000004d0       0x2d /Applications/STM32CubeIDE.app/Contents/Eclipse/plugins/com.st.stm32cube.ide.mcu.externaltools.gnu-tools-for-stm32.12.3.rel1.macos64_1.0.200.202406191456/tools/bin/../lib/gcc/arm-none-eabi/12.3.1/../../../../arm-none-eabi/lib/thumb/v7-m/nofp/libc_nano.a(libc_a-sprintf.o)
 .ARM.attributes
                0x000004fd       0x2d /Applications/STM32CubeIDE.app/Contents/Eclipse/plugins/com.st.stm32cube.ide.mcu.externaltools.gnu-tools-for-stm32.12.3.rel1.macos64_1.0.200.202406191456/tools/bin/../lib/gcc/arm-none-eabi/12.3.1/../../../../arm-none-eabi/lib/thumb/v7-m/nofp/libc_nano.a(libc_a-findfp.o)
 .ARM.attributes
                0x0000052a       0x2d /Applications/STM32CubeIDE.app/Contents/Eclipse/plugins/com.st.stm32cube.ide.mcu.externaltools.gnu-tools-for-stm32.12.3.rel1.macos64_1.0.200.202406191456/tools/bin/../lib/gcc/arm-none-eabi/12.3.1/../../../../arm-none-eabi/lib/thumb/v7-m/nofp/libc_nano.a(libc_a-memset.o)
 .ARM.attributes
                0x00000557       0x2d /Applications/STM32CubeIDE.app/Contents/Eclipse/plugins/com.st.stm32cube.ide.mcu.externaltools.gnu-tools-for-stm32.12.3.rel1.macos64_1.0.200.202406191456/tools/bin/../lib/gcc/arm-none-eabi/12.3.1/../../../../arm-none-eabi/lib/thumb/v7-m/nofp/libc_nano.a(libc_a-reent.o)
 .ARM.attributes
                0x00000584       0x2d /Applications/STM32CubeIDE.app/Contents/Eclipse/plugins/com.st.stm32cube.ide.mcu.externaltools.gnu-tools-for-stm32.12.3.rel1.macos64_1.0.200.202406191456/tools/bin/../lib/gcc/arm-none-eabi/12.3.1/../../../../arm-none-eabi/lib/thumb/v7-m/nofp/libc_nano.a(libc_a-impure.o)
 .ARM.attributes
                0x000005b1       0x2d /Applications/STM32CubeIDE.app/Contents/Eclipse/plugins/com.st.stm32cube.ide.mcu.externaltools.gnu-tools-for-stm32.12.3.rel1.macos64_1.0.200.202406191456/tools/bin/../lib/gcc/arm-none-eabi/12.3.1/../../../../arm-none-eabi/lib/thumb/v7-m/nofp/libc_nano.a(libc_a-errno.o)
 .ARM.attributes
                0x000005de       0x2d /Applications/STM32CubeIDE.app/Contents/Eclipse/plugins/com.st.stm32cube.ide.mcu.externaltools.gnu-tools-for-stm32.12.3.rel1.macos64_1.0.200.202406191456/tools/bin/../lib/gcc/arm-none-eabi/12.3.1/../../../../arm-none-eabi/lib/thumb/v7-m/nofp/libc_nano.a(libc_a-init.o)
 .ARM.attributes
                0x0000060b       0x2d /Applications/STM32CubeIDE.app/Contents/Eclipse/plugins/com.st.stm32cube.ide.mcu.externaltools.gnu-tools-for-stm32.12.3.rel1.macos64_1.0.200.202406191456/tools/bin/../lib/gcc/arm-none-eabi/12.3.1/../../../../arm-none-eabi/lib/thumb/v7-m/nofp/libc_nano.a(libc_a-lock.o)
 .ARM.attributes
                0x00000638       0x2d /Applications/STM32CubeIDE.app/Contents/Eclipse/plugins/com.st.stm32cube.ide.mcu.externaltools.gnu-tools-for-stm32.12.3.rel1.macos64_1.0.200.202406191456/tools/bin/../lib/gcc/arm-none-eabi/12.3.1/../../../../arm-none-eabi/lib/thumb/v7-m/nofp/libc_nano.a(libc_a-memcpy-stub.o)
 .ARM.attributes
                0x00000665       0x17 /Applications/STM32CubeIDE.app/Contents/Eclipse/plugins/com.st.stm32cube.ide.mcu.externaltools.gnu-tools-for-stm32.12.3.rel1.macos64_1.0.200.202406191456/tools/bin/../lib/gcc/arm-none-eabi/12.3.1/../../../../arm-none-eabi/lib/thumb/v7-m/nofp/libc_nano.a(libc_a-strlen.o)
 .ARM.attributes
                0x0000067c       0x2d /Applications/STM32CubeIDE.app/Contents/Eclipse/plugins/com.st.stm32cube.ide.mcu.externaltools.gnu-tools-for-stm32.12.3.rel1.macos64_1.0.200.202406191456/tools/bin/../lib/gcc/arm-none-eabi/12.3.1/../../../../arm-none-eabi/lib/thumb/v7-m/nofp/libc_nano.a(libc_a-freer.o)
 .ARM.attributes
                0x000006a9       0x2d /Applications/STM32CubeIDE.app/Contents/Eclipse/plugins/com.st.stm32cube.ide.mcu.externaltools.gnu-tools-for-stm32.12.3.rel1.macos64_1.0.200.202406191456/tools/bin/../lib/gcc/arm-none-eabi/12.3.1/../../../../arm-none-eabi/lib/thumb/v7-m/nofp/libc_nano.a(libc_a-nano-svfprintf.o)
 .ARM.attributes
                0x000006d6       0x2d /Applications/STM32CubeIDE.app/Contents/Eclipse/plugins/com.st.stm32cube.ide.mcu.externaltools.gnu-tools-for-stm32.12.3.rel1.macos64_1.0.200.202406191456/tools/bin/../lib/gcc/arm-none-eabi/12.3.1/../../../../arm-none-eabi/lib/thumb/v7-m/nofp/libc_nano.a(libc_a-mallocr.o)
 .ARM.attributes
                0x00000703       0x2d /Applications/STM32CubeIDE.app/Contents/Eclipse/plugins/com.st.stm32cube.ide.mcu.externaltools.gnu-tools-for-stm32.12.3.rel1.macos64_1.0.200.202406191456/tools/bin/../lib/gcc/arm-none-eabi/12.3.1/../../../../arm-none-eabi/lib/thumb/v7-m/nofp/libc_nano.a(libc_a-nano-vfprintf_i.o)
 .ARM.attributes
                0x00000730       0x2d /Applications/STM32CubeIDE.app/Contents/Eclipse/plugins/com.st.stm32cube.ide.mcu.externaltools.gnu-tools-for-stm32.12.3.rel1.macos64_1.0.200.202406191456/tools/bin/../lib/gcc/arm-none-eabi/12.3.1/../../../../arm-none-eabi/lib/thumb/v7-m/nofp/libc_nano.a(libc_a-mlock.o)
 .ARM.attributes
                0x0000075d       0x2d /Applications/STM32CubeIDE.app/Contents/Eclipse/plugins/com.st.stm32cube.ide.mcu.externaltools.gnu-tools-for-stm32.12.3.rel1.macos64_1.0.200.202406191456/tools/bin/../lib/gcc/arm-none-eabi/12.3.1/../../../../arm-none-eabi/lib/thumb/v7-m/nofp/libc_nano.a(libc_a-reallocr.o)
 .ARM.attributes
                0x0000078a       0x2d /Applications/STM32CubeIDE.app/Contents/Eclipse/plugins/com.st.stm32cube.ide.mcu.externaltools.gnu-tools-for-stm32.12.3.rel1.macos64_1.0.200.202406191456/tools/bin/../lib/gcc/arm-none-eabi/12.3.1/../../../../arm-none-eabi/lib/thumb/v7-m/nofp/libc_nano.a(libc_a-memmove.o)
 .ARM.attributes
                0x000007b7       0x2d /Applications/STM32CubeIDE.app/Contents/Eclipse/plugins/com.st.stm32cube.ide.mcu.externaltools.gnu-tools-for-stm32.12.3.rel1.macos64_1.0.200.202406191456/tools/bin/../lib/gcc/arm-none-eabi/12.3.1/../../../../arm-none-eabi/lib/thumb/v7-m/nofp/libc_nano.a(libc_a-sbrkr.o)
 .ARM.attributes
                0x000007e4       0x2d /Applications/STM32CubeIDE.app/Contents/Eclipse/plugins/com.st.stm32cube.ide.mcu.externaltools.gnu-tools-for-stm32.12.3.rel1.macos64_1.0.200.202406191456/tools/bin/../lib/gcc/arm-none-eabi/12.3.1/../../../../arm-none-eabi/lib/thumb/v7-m/nofp/libc_nano.a(libc_a-memchr-stub.o)
 .ARM.attributes
                0x00000811       0x2d /Applications/STM32CubeIDE.app/Contents/Eclipse/plugins/com.st.stm32cube.ide.mcu.externaltools.gnu-tools-for-stm32.12.3.rel1.macos64_1.0.200.202406191456/tools/bin/../lib/gcc/arm-none-eabi/12.3.1/../../../../arm-none-eabi/lib/thumb/v7-m/nofp/libc_nano.a(libc_a-msizer.o)
 .ARM.attributes
                0x0000083e       0x1d /Applications/STM32CubeIDE.app/Contents/Eclipse/plugins/com.st.stm32cube.ide.mcu.externaltools.gnu-tools-for-stm32.12.3.rel1.macos64_1.0.200.202406191456/tools/bin/../lib/gcc/arm-none-eabi/12.3.1/thumb/v7-m/nofp/crtn.o
OUTPUT(KITCHEN.elf elf32-littlearm)
LOAD linker stubs
LOAD /Applications/STM32CubeIDE.app/Contents/Eclipse/plugins/com.st.stm32cube.ide.mcu.externaltools.gnu-tools-for-stm32.12.3.rel1.macos64_1.0.200.202406191456/tools/bin/../lib/gcc/arm-none-eabi/12.3.1/../../../../arm-none-eabi/lib/thumb/v7-m/nofp/libc.a
LOAD /Applications/STM32CubeIDE.app/Contents/Eclipse/plugins/com.st.stm32cube.ide.mcu.externaltools.gnu-tools-for-stm32.12.3.rel1.macos64_1.0.200.202406191456/tools/bin/../lib/gcc/arm-none-eabi/12.3.1/../../../../arm-none-eabi/lib/thumb/v7-m/nofp/libm.a
LOAD /Applications/STM32CubeIDE.app/Contents/Eclipse/plugins/com.st.stm32cube.ide.mcu.externaltools.gnu-tools-for-stm32.12.3.rel1.macos64_1.0.200.202406191456/tools/bin/../lib/gcc/arm-none-eabi/12.3.1/thumb/v7-m/nofp/libgcc.a

.debug_info     0x00000000    0x18951
 .debug_info    0x00000000      0x98b ./Core/Src/freertos.o
 .debug_info    0x0000098b      0x731 ./Core/Src/i2c_lcd.o
 .debug_info    0x000010bc     0x1d9c ./Core/Src/main.o
 .debug_info    0x00002e58      0xf97 ./Core/Src/stm32f1xx_hal_msp.o
 .debug_info    0x00003def      0x9a8 ./Core/Src/stm32f1xx_hal_timebase_tim.o
 .debug_info    0x00004797      0x944 ./Core/Src/stm32f1xx_it.o
 .debug_info    0x000050db      0x75d ./Core/Src/stuffManage.o
 .debug_info    0x00005838      0x168 ./Core/Src/sysmem.o
 .debug_info    0x000059a0      0x222 ./Core/Src/system_stm32f1xx.o
 .debug_info    0x00005bc2       0x30 ./Core/Startup/startup_stm32f103rbtx.o
 .debug_info    0x00005bf2      0x704 ./Drivers/STM32F1xx_HAL_Driver/Src/stm32f1xx_hal.o
 .debug_info    0x000062f6      0xa87 ./Drivers/STM32F1xx_HAL_Driver/Src/stm32f1xx_hal_cortex.o
 .debug_info    0x00006d7d      0x6d2 ./Drivers/STM32F1xx_HAL_Driver/Src/stm32f1xx_hal_dma.o
 .debug_info    0x0000744f      0x5ab ./Drivers/STM32F1xx_HAL_Driver/Src/stm32f1xx_hal_gpio.o
 .debug_info    0x000079fa     0x2524 ./Drivers/STM32F1xx_HAL_Driver/Src/stm32f1xx_hal_i2c.o
 .debug_info    0x00009f1e      0x7d5 ./Drivers/STM32F1xx_HAL_Driver/Src/stm32f1xx_hal_rcc.o
 .debug_info    0x0000a6f3     0x142d ./Drivers/STM32F1xx_HAL_Driver/Src/stm32f1xx_hal_spi.o
 .debug_info    0x0000bb20     0x2959 ./Drivers/STM32F1xx_HAL_Driver/Src/stm32f1xx_hal_tim.o
 .debug_info    0x0000e479     0x149b ./Drivers/STM32F1xx_HAL_Driver/Src/stm32f1xx_hal_tim_ex.o
 .debug_info    0x0000f914     0x2eed ./Drivers/STM32F1xx_HAL_Driver/Src/stm32f1xx_hal_uart.o
 .debug_info    0x00012801      0x2af ./Middlewares/Third_Party/FreeRTOS/Source/list.o
 .debug_info    0x00012ab0     0x183b ./Middlewares/Third_Party/FreeRTOS/Source/queue.o
 .debug_info    0x000142eb     0x2408 ./Middlewares/Third_Party/FreeRTOS/Source/tasks.o
 .debug_info    0x000166f3     0x18f5 ./Middlewares/Third_Party/FreeRTOS/Source/timers.o
 .debug_info    0x00017fe8      0x494 ./Middlewares/Third_Party/FreeRTOS/Source/portable/GCC/ARM_CM3/port.o
 .debug_info    0x0001847c      0x4d5 ./Middlewares/Third_Party/FreeRTOS/Source/portable/MemMang/heap_4.o

.debug_abbrev   0x00000000     0x395b
 .debug_abbrev  0x00000000      0x187 ./Core/Src/freertos.o
 .debug_abbrev  0x00000187      0x1eb ./Core/Src/i2c_lcd.o
 .debug_abbrev  0x00000372      0x386 ./Core/Src/main.o
 .debug_abbrev  0x000006f8      0x1f7 ./Core/Src/stm32f1xx_hal_msp.o
 .debug_abbrev  0x000008ef      0x1f3 ./Core/Src/stm32f1xx_hal_timebase_tim.o
 .debug_abbrev  0x00000ae2      0x19a ./Core/Src/stm32f1xx_it.o
 .debug_abbrev  0x00000c7c      0x1df ./Core/Src/stuffManage.o
 .debug_abbrev  0x00000e5b       0xbc ./Core/Src/sysmem.o
 .debug_abbrev  0x00000f17      0x13f ./Core/Src/system_stm32f1xx.o
 .debug_abbrev  0x00001056       0x24 ./Core/Startup/startup_stm32f103rbtx.o
 .debug_abbrev  0x0000107a      0x201 ./Drivers/STM32F1xx_HAL_Driver/Src/stm32f1xx_hal.o
 .debug_abbrev  0x0000127b      0x2f8 ./Drivers/STM32F1xx_HAL_Driver/Src/stm32f1xx_hal_cortex.o
 .debug_abbrev  0x00001573      0x20b ./Drivers/STM32F1xx_HAL_Driver/Src/stm32f1xx_hal_dma.o
 .debug_abbrev  0x0000177e      0x1ca ./Drivers/STM32F1xx_HAL_Driver/Src/stm32f1xx_hal_gpio.o
 .debug_abbrev  0x00001948      0x2a3 ./Drivers/STM32F1xx_HAL_Driver/Src/stm32f1xx_hal_i2c.o
 .debug_abbrev  0x00001beb      0x2b3 ./Drivers/STM32F1xx_HAL_Driver/Src/stm32f1xx_hal_rcc.o
 .debug_abbrev  0x00001e9e      0x27a ./Drivers/STM32F1xx_HAL_Driver/Src/stm32f1xx_hal_spi.o
 .debug_abbrev  0x00002118      0x277 ./Drivers/STM32F1xx_HAL_Driver/Src/stm32f1xx_hal_tim.o
 .debug_abbrev  0x0000238f      0x282 ./Drivers/STM32F1xx_HAL_Driver/Src/stm32f1xx_hal_tim_ex.o
 .debug_abbrev  0x00002611      0x2f8 ./Drivers/STM32F1xx_HAL_Driver/Src/stm32f1xx_hal_uart.o
 .debug_abbrev  0x00002909       0xf5 ./Middlewares/Third_Party/FreeRTOS/Source/list.o
 .debug_abbrev  0x000029fe      0x3b6 ./Middlewares/Third_Party/FreeRTOS/Source/queue.o
 .debug_abbrev  0x00002db4      0x3e5 ./Middlewares/Third_Party/FreeRTOS/Source/tasks.o
 .debug_abbrev  0x00003199      0x34d ./Middlewares/Third_Party/FreeRTOS/Source/timers.o
 .debug_abbrev  0x000034e6      0x258 ./Middlewares/Third_Party/FreeRTOS/Source/portable/GCC/ARM_CM3/port.o
 .debug_abbrev  0x0000373e      0x21d ./Middlewares/Third_Party/FreeRTOS/Source/portable/MemMang/heap_4.o

.debug_aranges  0x00000000     0x1640
 .debug_aranges
                0x00000000       0x28 ./Core/Src/freertos.o
 .debug_aranges
                0x00000028       0x48 ./Core/Src/i2c_lcd.o
 .debug_aranges
                0x00000070       0xa8 ./Core/Src/main.o
 .debug_aranges
                0x00000118       0x50 ./Core/Src/stm32f1xx_hal_msp.o
 .debug_aranges
                0x00000168       0x30 ./Core/Src/stm32f1xx_hal_timebase_tim.o
 .debug_aranges
                0x00000198       0x58 ./Core/Src/stm32f1xx_it.o
 .debug_aranges
                0x000001f0       0x30 ./Core/Src/stuffManage.o
 .debug_aranges
                0x00000220       0x20 ./Core/Src/sysmem.o
 .debug_aranges
                0x00000240       0x28 ./Core/Src/system_stm32f1xx.o
 .debug_aranges
                0x00000268       0x28 ./Core/Startup/startup_stm32f103rbtx.o
 .debug_aranges
                0x00000290       0xe0 ./Drivers/STM32F1xx_HAL_Driver/Src/stm32f1xx_hal.o
 .debug_aranges
                0x00000370      0x100 ./Drivers/STM32F1xx_HAL_Driver/Src/stm32f1xx_hal_cortex.o
 .debug_aranges
                0x00000470       0x80 ./Drivers/STM32F1xx_HAL_Driver/Src/stm32f1xx_hal_dma.o
 .debug_aranges
                0x000004f0       0x58 ./Drivers/STM32F1xx_HAL_Driver/Src/stm32f1xx_hal_gpio.o
 .debug_aranges
                0x00000548      0x2a8 ./Drivers/STM32F1xx_HAL_Driver/Src/stm32f1xx_hal_i2c.o
 .debug_aranges
                0x000007f0       0x90 ./Drivers/STM32F1xx_HAL_Driver/Src/stm32f1xx_hal_rcc.o
 .debug_aranges
                0x00000880      0x1d0 ./Drivers/STM32F1xx_HAL_Driver/Src/stm32f1xx_hal_spi.o
 .debug_aranges
                0x00000a50      0x3d0 ./Drivers/STM32F1xx_HAL_Driver/Src/stm32f1xx_hal_tim.o
 .debug_aranges
                0x00000e20      0x168 ./Drivers/STM32F1xx_HAL_Driver/Src/stm32f1xx_hal_tim_ex.o
 .debug_aranges
                0x00000f88      0x208 ./Drivers/STM32F1xx_HAL_Driver/Src/stm32f1xx_hal_uart.o
 .debug_aranges
                0x00001190       0x40 ./Middlewares/Third_Party/FreeRTOS/Source/list.o
 .debug_aranges
                0x000011d0      0x110 ./Middlewares/Third_Party/FreeRTOS/Source/queue.o
 .debug_aranges
                0x000012e0      0x1c0 ./Middlewares/Third_Party/FreeRTOS/Source/tasks.o
 .debug_aranges
                0x000014a0       0xd0 ./Middlewares/Third_Party/FreeRTOS/Source/timers.o
 .debug_aranges
                0x00001570       0x78 ./Middlewares/Third_Party/FreeRTOS/Source/portable/GCC/ARM_CM3/port.o
 .debug_aranges
                0x000015e8       0x58 ./Middlewares/Third_Party/FreeRTOS/Source/portable/MemMang/heap_4.o

.debug_rnglists
                0x00000000     0x1176
 .debug_rnglists
                0x00000000       0x19 ./Core/Src/freertos.o
 .debug_rnglists
                0x00000019       0x31 ./Core/Src/i2c_lcd.o
 .debug_rnglists
                0x0000004a       0x83 ./Core/Src/main.o
 .debug_rnglists
                0x000000cd       0x38 ./Core/Src/stm32f1xx_hal_msp.o
 .debug_rnglists
                0x00000105       0x20 ./Core/Src/stm32f1xx_hal_timebase_tim.o
 .debug_rnglists
                0x00000125       0x3d ./Core/Src/stm32f1xx_it.o
 .debug_rnglists
                0x00000162       0x20 ./Core/Src/stuffManage.o
 .debug_rnglists
                0x00000182       0x13 ./Core/Src/sysmem.o
 .debug_rnglists
                0x00000195       0x1a ./Core/Src/system_stm32f1xx.o
 .debug_rnglists
                0x000001af       0x19 ./Core/Startup/startup_stm32f103rbtx.o
 .debug_rnglists
                0x000001c8       0xa3 ./Drivers/STM32F1xx_HAL_Driver/Src/stm32f1xx_hal.o
 .debug_rnglists
                0x0000026b       0xbb ./Drivers/STM32F1xx_HAL_Driver/Src/stm32f1xx_hal_cortex.o
 .debug_rnglists
                0x00000326       0x64 ./Drivers/STM32F1xx_HAL_Driver/Src/stm32f1xx_hal_dma.o
 .debug_rnglists
                0x0000038a       0x3f ./Drivers/STM32F1xx_HAL_Driver/Src/stm32f1xx_hal_gpio.o
 .debug_rnglists
                0x000003c9      0x23c ./Drivers/STM32F1xx_HAL_Driver/Src/stm32f1xx_hal_i2c.o
 .debug_rnglists
                0x00000605       0x6c ./Drivers/STM32F1xx_HAL_Driver/Src/stm32f1xx_hal_rcc.o
 .debug_rnglists
                0x00000671      0x16e ./Drivers/STM32F1xx_HAL_Driver/Src/stm32f1xx_hal_spi.o
 .debug_rnglists
                0x000007df      0x31a ./Drivers/STM32F1xx_HAL_Driver/Src/stm32f1xx_hal_tim.o
 .debug_rnglists
                0x00000af9      0x125 ./Drivers/STM32F1xx_HAL_Driver/Src/stm32f1xx_hal_tim_ex.o
 .debug_rnglists
                0x00000c1e      0x1bc ./Drivers/STM32F1xx_HAL_Driver/Src/stm32f1xx_hal_uart.o
 .debug_rnglists
                0x00000dda       0x2b ./Middlewares/Third_Party/FreeRTOS/Source/list.o
 .debug_rnglists
                0x00000e05       0xd3 ./Middlewares/Third_Party/FreeRTOS/Source/queue.o
 .debug_rnglists
                0x00000ed8      0x165 ./Middlewares/Third_Party/FreeRTOS/Source/tasks.o
 .debug_rnglists
                0x0000103d       0xa0 ./Middlewares/Third_Party/FreeRTOS/Source/timers.o
 .debug_rnglists
                0x000010dd       0x57 ./Middlewares/Third_Party/FreeRTOS/Source/portable/GCC/ARM_CM3/port.o
 .debug_rnglists
                0x00001134       0x42 ./Middlewares/Third_Party/FreeRTOS/Source/portable/MemMang/heap_4.o

.debug_macro    0x00000000    0x1ab7f
 .debug_macro   0x00000000      0x351 ./Core/Src/freertos.o
 .debug_macro   0x00000351      0xaa8 ./Core/Src/freertos.o
 .debug_macro   0x00000df9      0x189 ./Core/Src/freertos.o
 .debug_macro   0x00000f82       0x22 ./Core/Src/freertos.o
 .debug_macro   0x00000fa4       0x8e ./Core/Src/freertos.o
 .debug_macro   0x00001032       0x51 ./Core/Src/freertos.o
 .debug_macro   0x00001083      0x103 ./Core/Src/freertos.o
 .debug_macro   0x00001186       0x6a ./Core/Src/freertos.o
 .debug_macro   0x000011f0      0x1df ./Core/Src/freertos.o
 .debug_macro   0x000013cf       0xf6 ./Core/Src/freertos.o
 .debug_macro   0x000014c5      0x15a ./Core/Src/freertos.o
 .debug_macro   0x0000161f       0xde ./Core/Src/freertos.o
 .debug_macro   0x000016fd       0x1c ./Core/Src/freertos.o
 .debug_macro   0x00001719       0x26 ./Core/Src/freertos.o
 .debug_macro   0x0000173f       0x61 ./Core/Src/freertos.o
 .debug_macro   0x000017a0       0x24 ./Core/Src/freertos.o
 .debug_macro   0x000017c4       0x43 ./Core/Src/freertos.o
 .debug_macro   0x00001807       0x34 ./Core/Src/freertos.o
 .debug_macro   0x0000183b       0x16 ./Core/Src/freertos.o
 .debug_macro   0x00001851       0x43 ./Core/Src/freertos.o
 .debug_macro   0x00001894       0x34 ./Core/Src/freertos.o
 .debug_macro   0x000018c8       0x10 ./Core/Src/freertos.o
 .debug_macro   0x000018d8       0x58 ./Core/Src/freertos.o
 .debug_macro   0x00001930       0x8e ./Core/Src/freertos.o
 .debug_macro   0x000019be       0x1c ./Core/Src/freertos.o
 .debug_macro   0x000019da      0x177 ./Core/Src/freertos.o
 .debug_macro   0x00001b51       0x10 ./Core/Src/freertos.o
 .debug_macro   0x00001b61       0x35 ./Core/Src/freertos.o
 .debug_macro   0x00001b96      0x50c ./Core/Src/freertos.o
 .debug_macro   0x000020a2       0xb5 ./Core/Src/freertos.o
 .debug_macro   0x00002157       0xaa ./Core/Src/freertos.o
 .debug_macro   0x00002201      0x227 ./Core/Src/freertos.o
 .debug_macro   0x00002428       0x2e ./Core/Src/freertos.o
 .debug_macro   0x00002456       0x22 ./Core/Src/freertos.o
 .debug_macro   0x00002478       0x1c ./Core/Src/freertos.o
 .debug_macro   0x00002494       0x22 ./Core/Src/freertos.o
 .debug_macro   0x000024b6       0xbd ./Core/Src/freertos.o
 .debug_macro   0x00002573      0xd23 ./Core/Src/freertos.o
 .debug_macro   0x00003296     0xe09e ./Core/Src/freertos.o
 .debug_macro   0x00011334       0x6d ./Core/Src/freertos.o
 .debug_macro   0x000113a1     0x34a2 ./Core/Src/freertos.o
 .debug_macro   0x00014843       0x5c ./Core/Src/freertos.o
 .debug_macro   0x0001489f      0x5bc ./Core/Src/freertos.o
 .debug_macro   0x00014e5b      0x289 ./Core/Src/freertos.o
 .debug_macro   0x000150e4      0x1cb ./Core/Src/freertos.o
 .debug_macro   0x000152af      0x114 ./Core/Src/freertos.o
 .debug_macro   0x000153c3      0x1b2 ./Core/Src/freertos.o
 .debug_macro   0x00015575       0x27 ./Core/Src/freertos.o
 .debug_macro   0x0001559c      0x136 ./Core/Src/freertos.o
 .debug_macro   0x000156d2      0x1bc ./Core/Src/freertos.o
 .debug_macro   0x0001588e       0x34 ./Core/Src/freertos.o
 .debug_macro   0x000158c2       0x3c ./Core/Src/freertos.o
 .debug_macro   0x000158fe       0x57 ./Core/Src/freertos.o
 .debug_macro   0x00015955       0x87 ./Core/Src/freertos.o
 .debug_macro   0x000159dc      0x240 ./Core/Src/freertos.o
 .debug_macro   0x00015c1c      0x287 ./Core/Src/freertos.o
 .debug_macro   0x00015ea3      0x140 ./Core/Src/freertos.o
 .debug_macro   0x00015fe3      0x217 ./Core/Src/freertos.o
 .debug_macro   0x000161fa      0x8ed ./Core/Src/freertos.o
 .debug_macro   0x00016ae7      0x28e ./Core/Src/freertos.o
 .debug_macro   0x00016d75       0x83 ./Core/Src/freertos.o
 .debug_macro   0x00016df8      0x369 ./Core/Src/freertos.o
 .debug_macro   0x00017161       0x10 ./Core/Src/freertos.o
 .debug_macro   0x00017171       0x20 ./Core/Src/freertos.o
 .debug_macro   0x00017191       0x1c ./Core/Src/freertos.o
 .debug_macro   0x000171ad       0x10 ./Core/Src/freertos.o
 .debug_macro   0x000171bd       0x1c ./Core/Src/freertos.o
 .debug_macro   0x000171d9       0x16 ./Core/Src/freertos.o
 .debug_macro   0x000171ef      0x146 ./Core/Src/freertos.o
 .debug_macro   0x00017335       0x22 ./Core/Src/freertos.o
 .debug_macro   0x00017357       0x64 ./Core/Src/freertos.o
 .debug_macro   0x000173bb      0x1c7 ./Core/Src/i2c_lcd.o
 .debug_macro   0x00017582      0x3ae ./Core/Src/main.o
 .debug_macro   0x00017930       0xf6 ./Core/Src/main.o
 .debug_macro   0x00017a26       0x16 ./Core/Src/main.o
 .debug_macro   0x00017a3c       0x91 ./Core/Src/main.o
 .debug_macro   0x00017acd       0x8d ./Core/Src/main.o
 .debug_macro   0x00017b5a       0x7e ./Core/Src/main.o
 .debug_macro   0x00017bd8       0x19 ./Core/Src/main.o
 .debug_macro   0x00017bf1       0xf2 ./Core/Src/main.o
 .debug_macro   0x00017ce3      0x2d1 ./Core/Src/stm32f1xx_hal_msp.o