../Core/Src/main.c:138:5:main	16	static
../Core/Src/main.c:224:6:SystemClock_Config	72	static
../Core/Src/main.c:264:13:MX_I2C1_Init	8	static
../Core/Src/main.c:298:13:MX_SPI1_Init	8	static
../Core/Src/main.c:335:13:MX_USART2_UART_Init	8	static
../Core/Src/main.c:368:13:MX_GPIO_Init	40	static
../Core/Src/main.c:401:6:UART_Print	16	static
../Core/Src/main.c:406:6:dataInit	16	static
../Core/Src/main.c:424:6:updateUserTimer	32	static
../Core/Src/main.c:881:6:formatTime	24	static
../Core/Src/main.c:888:9:findMaxIndex	24	static
../Core/Src/main.c:899:6:HAL_SPI_RxCpltCallback	24	static,ignoring_inline_asm
../Core/Src/main.c:916:6:copyTask	32	static
../Core/Src/main.c:947:6:cookTask	56	static
../Core/Src/main.c:1077:6:lcdTask	56	static
../Core/Src/main.c:1274:6:buzzerTask	16	static
../Core/Src/main.c:1328:6:HAL_TIM_PeriodElapsedCallback	16	static
../Core/Src/main.c:1345:6:Error_Handler	4	static,ignoring_inline_asm
